2025-06-08 21:54:01.649 [restartedMain] INFO  c.p.iot.IotServiceApplication - Starting IotServiceApplication using Java 17.0.6 with PID 13036 (C:\Users\jorel\OneDrive - Università del Piemonte Orientale\Desktop\pisssiiiiiiir\iot-service\target\classes started by jorel in C:\Users\jorel\OneDrive - Università del Piemonte Orientale\Desktop\pisssiiiiiiir\iot-service)
2025-06-08 21:54:01.657 [restartedMain] DEBUG c.p.iot.IotServiceApplication - Running with Spring Boot v3.4.5, Spring v6.2.6
2025-06-08 21:54:01.661 [restartedMain] INFO  c.p.iot.IotServiceApplication - No active profile set, falling back to 1 default profile: "default"
2025-06-08 21:54:12.510 [restartedMain] WARN  o.s.b.d.a.OptionalLiveReloadServer - Unable to start LiveReload server
2025-06-08 21:54:15.649 [restartedMain] WARN  o.s.b.w.r.c.AnnotationConfigReactiveWebServerApplicationContext - Exception encountered during context initialization - cancelling refresh attempt: org.springframework.context.ApplicationContextException: Failed to start bean 'webServerStartStop'
2025-06-08 21:54:15.777 [restartedMain] ERROR o.s.b.d.LoggingFailureAnalysisReporter - 

***************************
APPLICATION FAILED TO START
***************************

Description:

Web server failed to start. Port 8081 was already in use.

Action:

Identify and stop the process that's listening on port 8081 or configure this application to listen on another port.

2025-06-08 21:54:19.065 [restartedMain] INFO  c.p.iot.IotServiceApplication - Starting IotServiceApplication using Java 17.0.6 with PID 40940 (C:\Users\jorel\OneDrive - Università del Piemonte Orientale\Desktop\pisssiiiiiiir\iot-service\target\classes started by jorel in C:\Users\jorel\OneDrive - Università del Piemonte Orientale\Desktop\pisssiiiiiiir\iot-service)
2025-06-08 21:54:19.073 [restartedMain] DEBUG c.p.iot.IotServiceApplication - Running with Spring Boot v3.4.5, Spring v6.2.6
2025-06-08 21:54:19.076 [restartedMain] INFO  c.p.iot.IotServiceApplication - No active profile set, falling back to 1 default profile: "default"
2025-06-08 21:54:30.400 [restartedMain] WARN  o.s.b.d.a.OptionalLiveReloadServer - Unable to start LiveReload server
2025-06-08 21:54:35.806 [restartedMain] WARN  o.s.b.w.r.c.AnnotationConfigReactiveWebServerApplicationContext - Exception encountered during context initialization - cancelling refresh attempt: org.springframework.context.ApplicationContextException: Failed to start bean 'webServerStartStop'
2025-06-08 21:54:36.523 [restartedMain] ERROR o.s.b.d.LoggingFailureAnalysisReporter - 

***************************
APPLICATION FAILED TO START
***************************

Description:

Web server failed to start. Port 8081 was already in use.

Action:

Identify and stop the process that's listening on port 8081 or configure this application to listen on another port.

2025-06-08 21:58:14.306 [restartedMain] INFO  c.p.iot.IotServiceApplication - Starting IotServiceApplication using Java 17.0.6 with PID 13680 (C:\Users\jorel\OneDrive - Università del Piemonte Orientale\Desktop\pisssiiiiiiir\iot-service\target\classes started by jorel in C:\Users\jorel\OneDrive - Università del Piemonte Orientale\Desktop\pisssiiiiiiir\iot-service)
2025-06-08 21:58:14.317 [restartedMain] DEBUG c.p.iot.IotServiceApplication - Running with Spring Boot v3.4.5, Spring v6.2.6
2025-06-08 21:58:14.320 [restartedMain] INFO  c.p.iot.IotServiceApplication - No active profile set, falling back to 1 default profile: "default"
2025-06-08 21:58:20.348 [restartedMain] WARN  o.s.b.d.a.OptionalLiveReloadServer - Unable to start LiveReload server
2025-06-08 21:58:22.758 [restartedMain] INFO  c.p.iot.IotServiceApplication - Started IotServiceApplication in 11.101 seconds (process running for 15.925)
2025-06-08 21:59:59.562 [restartedMain] INFO  c.p.iot.IotServiceApplication - Starting IotServiceApplication using Java 17.0.6 with PID 34456 (C:\Users\jorel\OneDrive - Università del Piemonte Orientale\Desktop\pisssiiiiiiir\iot-service\target\classes started by jorel in C:\Users\jorel\OneDrive - Università del Piemonte Orientale\Desktop\pisssiiiiiiir\iot-service)
2025-06-08 21:59:59.565 [restartedMain] DEBUG c.p.iot.IotServiceApplication - Running with Spring Boot v3.4.5, Spring v6.2.6
2025-06-08 21:59:59.566 [restartedMain] INFO  c.p.iot.IotServiceApplication - No active profile set, falling back to 1 default profile: "default"
2025-06-08 22:00:06.416 [restartedMain] INFO  c.p.iot.IotServiceApplication - Started IotServiceApplication in 7.798 seconds (process running for 9.813)
