#
# There is insufficient memory for the Java Runtime Environment to continue.
# Native memory allocation (mmap) failed to map 20971520 bytes for G1 virtual space
# Possible reasons:
#   The system is out of physical RAM or swap space
#   The process is running with CompressedOops enabled, and the Java Heap may be blocking the growth of the native heap
# Possible solutions:
#   Reduce memory load on the system
#   Increase physical memory or swap space
#   Check if swap backing store is full
#   Decrease Java heap size (-Xmx/-Xms)
#   Decrease number of Java threads
#   Decrease Java thread stack sizes (-Xss)
#   Set larger code cache with -XX:ReservedCodeCacheSize=
#   JVM is running with Unscaled Compressed Oops mode in which the Java heap is
#     placed in the first 4GB address space. The Java Heap base address is the
#     maximum limit for the native heap growth. Please use -XX:HeapBaseMinAddress
#     to set the Java Heap base and to place the Java Heap above 4GB virtual address.
# This output file may be truncated or incomplete.
#
#  Out of Memory Error (os_windows.cpp:3603), pid=6316, tid=84
#
# JRE version: Java(TM) SE Runtime Environment (21.0.6+8) (build 21.0.6+8-LTS-188)
# Java VM: Java HotSpot(TM) 64-Bit Server VM (21.0.6+8-LTS-188, mixed mode, sharing, tiered, compressed oops, compressed class ptrs, g1 gc, windows-amd64)
# No core dump will be written. Minidumps are not enabled by default on client versions of Windows
#

---------------  S U M M A R Y ------------

Command Line: -Dfile.encoding=UTF-8 -Dstdout.encoding=UTF-8 -Dstderr.encoding=UTF-8 -XX:+ShowCodeDetailsInExceptionMessages com.parkingsystem.backend.BackendServiceApplication

Host: AMD Ryzen 5 5500U with Radeon Graphics         , 12 cores, 5G,  Windows 11 , 64 bit Build 22621 (10.0.22621.5262)
Time: Thu May 22 11:19:11 2025 ora legale Europa occidentale elapsed time: 254.564819 seconds (0d 0h 4m 14s)

---------------  T H R E A D  ---------------

Current thread (0x000001e3de654050):  VMThread "VM Thread"          [id=84, stack(0x0000005b44800000,0x0000005b44900000) (1024K)]

Stack: [0x0000005b44800000,0x0000005b44900000]
Native frames: (J=compiled Java code, j=interpreted, Vv=VM code, C=native code)
V  [jvm.dll+0x6ca6d9]
V  [jvm.dll+0x854f51]
V  [jvm.dll+0x85747e]
V  [jvm.dll+0x857b53]
V  [jvm.dll+0x27dcc6]
V  [jvm.dll+0x6c6e55]
V  [jvm.dll+0x6bb9da]
V  [jvm.dll+0x35393a]
V  [jvm.dll+0x35b596]
V  [jvm.dll+0x3adefe]
V  [jvm.dll+0x3ae1a8]
V  [jvm.dll+0x327cbc]
V  [jvm.dll+0x327d47]
V  [jvm.dll+0x36c60c]
V  [jvm.dll+0x36ae5e]
V  [jvm.dll+0x327481]
V  [jvm.dll+0x36a57a]
V  [jvm.dll+0x85d920]
V  [jvm.dll+0x85eca4]
V  [jvm.dll+0x85f1e0]
V  [jvm.dll+0x85f483]
V  [jvm.dll+0x7ff2fb]
V  [jvm.dll+0x6c8dbd]
C  [ucrtbase.dll+0x29333]
C  [KERNEL32.DLL+0x1259d]
C  [ntdll.dll+0x5af58]

VM_Operation (0x0000005b46efefa0): G1CollectForAllocation, mode: safepoint, requested by thread 0x000001e430ba1840


---------------  P R O C E S S  ---------------

Threads class SMR info:
_java_thread_list=0x000001e42d9b41a0, length=41, elements={
0x000001e3de6694a0, 0x000001e3de66a0a0, 0x000001e3de66aca0, 0x000001e3de66b970,
0x000001e3de674730, 0x000001e3de675180, 0x000001e3de67f2f0, 0x000001e3de67a5c0,
0x000001e3de8f2350, 0x000001e3de8f8170, 0x000001e3de9a2300, 0x000001e42e7aeff0,
0x000001e430ee1030, 0x000001e42dd88070, 0x000001e42d1df560, 0x000001e430b9fe00,
0x000001e430ba0490, 0x000001e430ba11b0, 0x000001e430b9f0e0, 0x000001e430ba0b20,
0x000001e430ba1ed0, 0x000001e430b9ea50, 0x000001e430b9f770, 0x000001e430ba1840,
0x000001e4247a0080, 0x000001e42479c570, 0x000001e42479d920, 0x000001e42479a4a0,
0x000001e42479dfb0, 0x000001e42479e640, 0x000001e42479ecd0, 0x000001e42479ab30,
0x000001e42479b1c0, 0x000001e42479cc00, 0x000001e4247990f0, 0x000001e42479b850,
0x000001e42479d290, 0x000001e42479bee0, 0x000001e42479f360, 0x000001e4247a0710,
0x000001e42479f9f0
}

Java Threads: ( => current thread )
  0x000001e3de6694a0 JavaThread "Reference Handler"          daemon [_thread_blocked, id=34184, stack(0x0000005b44900000,0x0000005b44a00000) (1024K)]
  0x000001e3de66a0a0 JavaThread "Finalizer"                  daemon [_thread_blocked, id=21080, stack(0x0000005b44a00000,0x0000005b44b00000) (1024K)]
  0x000001e3de66aca0 JavaThread "Signal Dispatcher"          daemon [_thread_blocked, id=36320, stack(0x0000005b44b00000,0x0000005b44c00000) (1024K)]
  0x000001e3de66b970 JavaThread "Attach Listener"            daemon [_thread_blocked, id=33140, stack(0x0000005b44c00000,0x0000005b44d00000) (1024K)]
  0x000001e3de674730 JavaThread "Service Thread"             daemon [_thread_blocked, id=34300, stack(0x0000005b44d00000,0x0000005b44e00000) (1024K)]
  0x000001e3de675180 JavaThread "Monitor Deflation Thread"   daemon [_thread_blocked, id=18060, stack(0x0000005b44e00000,0x0000005b44f00000) (1024K)]
  0x000001e3de67f2f0 JavaThread "C2 CompilerThread0"         daemon [_thread_blocked, id=37460, stack(0x0000005b44f00000,0x0000005b45000000) (1024K)]
  0x000001e3de67a5c0 JavaThread "C1 CompilerThread0"         daemon [_thread_blocked, id=32028, stack(0x0000005b45000000,0x0000005b45100000) (1024K)]
  0x000001e3de8f2350 JavaThread "Notification Thread"        daemon [_thread_blocked, id=13816, stack(0x0000005b45100000,0x0000005b45200000) (1024K)]
  0x000001e3de8f8170 JavaThread "Common-Cleaner"             daemon [_thread_blocked, id=18192, stack(0x0000005b45200000,0x0000005b45300000) (1024K)]
  0x000001e3de9a2300 JavaThread "mysql-cj-abandoned-connection-cleanup" daemon [_thread_blocked, id=25700, stack(0x0000005b46000000,0x0000005b46100000) (1024K)]
  0x000001e42e7aeff0 JavaThread "HikariPool-1 housekeeper"   daemon [_thread_blocked, id=20996, stack(0x0000005b46200000,0x0000005b46300000) (1024K)]
  0x000001e430ee1030 JavaThread "Catalina-utility-1"                [_thread_blocked, id=22452, stack(0x0000005b46400000,0x0000005b46500000) (1024K)]
  0x000001e42dd88070 JavaThread "Catalina-utility-2"                [_thread_blocked, id=1304, stack(0x0000005b46500000,0x0000005b46600000) (1024K)]
  0x000001e42d1df560 JavaThread "container-0"                       [_thread_blocked, id=3392, stack(0x0000005b46600000,0x0000005b46700000) (1024K)]
  0x000001e430b9fe00 JavaThread "MQTT Rec: paho171876171272700"        [_thread_in_native, id=32740, stack(0x0000005b46800000,0x0000005b46900000) (1024K)]
  0x000001e430ba0490 JavaThread "MQTT Snd: paho171876171272700"        [_thread_blocked, id=4812, stack(0x0000005b46900000,0x0000005b46a00000) (1024K)]
  0x000001e430ba11b0 JavaThread "MQTT Call: paho171876171272700"        [_thread_blocked, id=18544, stack(0x0000005b46a00000,0x0000005b46b00000) (1024K)]
  0x000001e430b9f0e0 JavaThread "MQTT Ping: paho171876171272700"        [_thread_blocked, id=26664, stack(0x0000005b46700000,0x0000005b46800000) (1024K)]
  0x000001e430ba0b20 JavaThread "MQTT Rec: backend-client5fcc0fe5-b332-4bf4-9fe4-4f52ac39ce4b"        [_thread_in_native, id=36820, stack(0x0000005b46b00000,0x0000005b46c00000) (1024K)]
  0x000001e430ba1ed0 JavaThread "MQTT Snd: backend-client5fcc0fe5-b332-4bf4-9fe4-4f52ac39ce4b"        [_thread_blocked, id=31080, stack(0x0000005b46c00000,0x0000005b46d00000) (1024K)]
  0x000001e430b9ea50 JavaThread "MQTT Call: backend-client5fcc0fe5-b332-4bf4-9fe4-4f52ac39ce4b"        [_thread_blocked, id=25760, stack(0x0000005b46d00000,0x0000005b46e00000) (1024K)]
  0x000001e430b9f770 JavaThread "MQTT Ping: backend-client5fcc0fe5-b332-4bf4-9fe4-4f52ac39ce4b"        [_thread_blocked, id=32840, stack(0x0000005b46300000,0x0000005b46400000) (1024K)]
  0x000001e430ba1840 JavaThread "File Watcher"               daemon [_thread_blocked, id=7976, stack(0x0000005b46e00000,0x0000005b46f00000) (1024K)]
  0x000001e4247a0080 JavaThread "MQTT Rec: backend-client_sub"        [_thread_blocked, id=33992, stack(0x0000005b47000000,0x0000005b47100000) (1024K)]
  0x000001e42479c570 JavaThread "MQTT Snd: backend-client_sub"        [_thread_blocked, id=37052, stack(0x0000005b47100000,0x0000005b47200000) (1024K)]
  0x000001e42479d920 JavaThread "MQTT Call: backend-client_sub"        [_thread_blocked, id=22496, stack(0x0000005b47200000,0x0000005b47300000) (1024K)]
  0x000001e42479a4a0 JavaThread "MQTT Ping: backend-client_sub"        [_thread_blocked, id=37600, stack(0x0000005b46f00000,0x0000005b47000000) (1024K)]
  0x000001e42479dfb0 JavaThread "http-nio-8080-exec-1"       daemon [_thread_blocked, id=7328, stack(0x0000005b47300000,0x0000005b47400000) (1024K)]
  0x000001e42479e640 JavaThread "http-nio-8080-exec-2"       daemon [_thread_blocked, id=20176, stack(0x0000005b47400000,0x0000005b47500000) (1024K)]
  0x000001e42479ecd0 JavaThread "http-nio-8080-exec-3"       daemon [_thread_blocked, id=33040, stack(0x0000005b47500000,0x0000005b47600000) (1024K)]
  0x000001e42479ab30 JavaThread "http-nio-8080-exec-4"       daemon [_thread_blocked, id=30916, stack(0x0000005b47600000,0x0000005b47700000) (1024K)]
  0x000001e42479b1c0 JavaThread "http-nio-8080-exec-5"       daemon [_thread_blocked, id=36804, stack(0x0000005b47700000,0x0000005b47800000) (1024K)]
  0x000001e42479cc00 JavaThread "http-nio-8080-exec-6"       daemon [_thread_blocked, id=21680, stack(0x0000005b47800000,0x0000005b47900000) (1024K)]
  0x000001e4247990f0 JavaThread "http-nio-8080-exec-7"       daemon [_thread_blocked, id=37176, stack(0x0000005b47900000,0x0000005b47a00000) (1024K)]
  0x000001e42479b850 JavaThread "http-nio-8080-exec-8"       daemon [_thread_blocked, id=36584, stack(0x0000005b47a00000,0x0000005b47b00000) (1024K)]
  0x000001e42479d290 JavaThread "http-nio-8080-exec-9"       daemon [_thread_blocked, id=8724, stack(0x0000005b47b00000,0x0000005b47c00000) (1024K)]
  0x000001e42479bee0 JavaThread "http-nio-8080-exec-10"      daemon [_thread_blocked, id=35728, stack(0x0000005b47c00000,0x0000005b47d00000) (1024K)]
  0x000001e42479f360 JavaThread "http-nio-8080-Poller"       daemon [_thread_in_native, id=32436, stack(0x0000005b47d00000,0x0000005b47e00000) (1024K)]
  0x000001e4247a0710 JavaThread "http-nio-8080-Acceptor"     daemon [_thread_in_native, id=30404, stack(0x0000005b47e00000,0x0000005b47f00000) (1024K)]
  0x000001e42479f9f0 JavaThread "DestroyJavaVM"                     [_thread_blocked, id=35852, stack(0x0000005b44100000,0x0000005b44200000) (1024K)]
Total: 41

Other Threads:
=>0x000001e3de654050 VMThread "VM Thread"                           [id=84, stack(0x0000005b44800000,0x0000005b44900000) (1024K)]
  0x000001e3de642ff0 WatcherThread "VM Periodic Task Thread"        [id=24140, stack(0x0000005b44700000,0x0000005b44800000) (1024K)]
  0x000001e3c2355270 WorkerThread "GC Thread#0"                     [id=32004, stack(0x0000005b44200000,0x0000005b44300000) (1024K)]
  0x000001e42457b690 WorkerThread "GC Thread#1"                     [id=14720, stack(0x0000005b45500000,0x0000005b45600000) (1024K)]
  0x000001e42457ba30 WorkerThread "GC Thread#2"                     [id=35416, stack(0x0000005b45600000,0x0000005b45700000) (1024K)]
  0x000001e42448c590 WorkerThread "GC Thread#3"                     [id=27700, stack(0x0000005b45700000,0x0000005b45800000) (1024K)]
  0x000001e42448c930 WorkerThread "GC Thread#4"                     [id=7588, stack(0x0000005b45800000,0x0000005b45900000) (1024K)]
  0x000001e42448ccd0 WorkerThread "GC Thread#5"                     [id=37612, stack(0x0000005b45900000,0x0000005b45a00000) (1024K)]
  0x000001e42d202ac0 WorkerThread "GC Thread#6"                     [id=30900, stack(0x0000005b45b00000,0x0000005b45c00000) (1024K)]
  0x000001e42d1adb50 WorkerThread "GC Thread#7"                     [id=25608, stack(0x0000005b45c00000,0x0000005b45d00000) (1024K)]
  0x000001e42d0cee00 WorkerThread "GC Thread#8"                     [id=36124, stack(0x0000005b45d00000,0x0000005b45e00000) (1024K)]
  0x000001e42d14a580 WorkerThread "GC Thread#9"                     [id=35940, stack(0x0000005b45e00000,0x0000005b45f00000) (1024K)]
  0x000001e3c2362500 ConcurrentGCThread "G1 Main Marker"            [id=22940, stack(0x0000005b44300000,0x0000005b44400000) (1024K)]
  0x000001e3c2362da0 WorkerThread "G1 Conc#0"                       [id=30556, stack(0x0000005b44400000,0x0000005b44500000) (1024K)]
  0x000001e42d4eb490 WorkerThread "G1 Conc#1"                       [id=35944, stack(0x0000005b45a00000,0x0000005b45b00000) (1024K)]
  0x000001e42d4ea610 WorkerThread "G1 Conc#2"                       [id=1812, stack(0x0000005b45f00000,0x0000005b46000000) (1024K)]
  0x000001e3c23be5a0 ConcurrentGCThread "G1 Refine#0"               [id=2876, stack(0x0000005b44500000,0x0000005b44600000) (1024K)]
  0x000001e3de5140e0 ConcurrentGCThread "G1 Service"                [id=36808, stack(0x0000005b44600000,0x0000005b44700000) (1024K)]
Total: 18

Threads with active compile tasks:
Total: 0

VM state: at safepoint (normal execution)

VM Mutex/Monitor currently owned by a thread:  ([mutex/lock_event])
[0x00007ffdc15bde98] Threads_lock - owner thread: 0x000001e3de654050
[0x00007ffdc15bdf98] Heap_lock - owner thread: 0x000001e430ba1840

Heap address: 0x00000000a2200000, size: 1502 MB, Compressed Oops mode: 32-bit

CDS archive(s) mapped at: [0x000001e3df000000-0x000001e3dfc90000-0x000001e3dfc90000), size 13172736, SharedBaseAddress: 0x000001e3df000000, ArchiveRelocationMode: 1.
Compressed class space mapped at: 0x000001e3e0000000-0x000001e420000000, reserved size: 1073741824
Narrow klass base: 0x000001e3df000000, Narrow klass shift: 0, Narrow klass range: 0x100000000

GC Precious Log:
 CardTable entry size: 512
 Card Set container configuration: InlinePtr #cards 5 size 8 Array Of Cards #cards 12 size 40 Howl #buckets 4 coarsen threshold 1843 Howl Bitmap #cards 512 size 80 coarsen threshold 460 Card regions per heap region 1 cards per card region 2048
 CPUs: 12 total, 12 available
 Memory: 6005M
 Large Page Support: Disabled
 NUMA Support: Disabled
 Compressed Oops: Enabled (32-bit)
 Heap Region Size: 1M
 Heap Min Capacity: 8M
 Heap Initial Capacity: 94M
 Heap Max Capacity: 1502M
 Pre-touch: Disabled
 Parallel Workers: 10
 Concurrent Workers: 3
 Concurrent Refinement Workers: 10
 Periodic GC: Disabled

Heap:
 garbage-first heap   total 98304K, used 52275K [0x00000000a2200000, 0x0000000100000000)
  region size 1024K, 3 young (3072K), 3 survivors (3072K)
 Metaspace       used 85168K, committed 86080K, reserved 1179648K
  class space    used 11606K, committed 12032K, reserved 1048576K

Heap Regions: E=young(eden), S=young(survivor), O=old, HS=humongous(starts), HC=humongous(continues), CS=collection set, F=free, TAMS=top-at-mark-start, PB=parsable bottom
|   0|0x00000000a2200000, 0x00000000a2300000, 0x00000000a2300000|100%|HS|  |TAMS 0x00000000a2300000| PB 0x00000000a2200000| Complete 
|   1|0x00000000a2300000, 0x00000000a2400000, 0x00000000a2400000|100%| O|  |TAMS 0x00000000a2400000| PB 0x00000000a2300000| Untracked 
|   2|0x00000000a2400000, 0x00000000a2500000, 0x00000000a2500000|100%| O|  |TAMS 0x00000000a2500000| PB 0x00000000a2400000| Untracked 
|   3|0x00000000a2500000, 0x00000000a2600000, 0x00000000a2600000|100%| O|  |TAMS 0x00000000a2600000| PB 0x00000000a2500000| Untracked 
|   4|0x00000000a2600000, 0x00000000a2700000, 0x00000000a2700000|100%| O|  |TAMS 0x00000000a2700000| PB 0x00000000a2600000| Untracked 
|   5|0x00000000a2700000, 0x00000000a2800000, 0x00000000a2800000|100%| O|  |TAMS 0x00000000a2800000| PB 0x00000000a2700000| Untracked 
|   6|0x00000000a2800000, 0x00000000a2900000, 0x00000000a2900000|100%| O|  |TAMS 0x00000000a2900000| PB 0x00000000a2800000| Untracked 
|   7|0x00000000a2900000, 0x00000000a2a00000, 0x00000000a2a00000|100%| O|  |TAMS 0x00000000a2a00000| PB 0x00000000a2900000| Untracked 
|   8|0x00000000a2a00000, 0x00000000a2b00000, 0x00000000a2b00000|100%| O|  |TAMS 0x00000000a2b00000| PB 0x00000000a2a00000| Untracked 
|   9|0x00000000a2b00000, 0x00000000a2c00000, 0x00000000a2c00000|100%| O|  |TAMS 0x00000000a2c00000| PB 0x00000000a2b00000| Untracked 
|  10|0x00000000a2c00000, 0x00000000a2d00000, 0x00000000a2d00000|100%| O|  |TAMS 0x00000000a2d00000| PB 0x00000000a2c00000| Untracked 
|  11|0x00000000a2d00000, 0x00000000a2e00000, 0x00000000a2e00000|100%| O|  |TAMS 0x00000000a2e00000| PB 0x00000000a2d00000| Untracked 
|  12|0x00000000a2e00000, 0x00000000a2f00000, 0x00000000a2f00000|100%| O|  |TAMS 0x00000000a2f00000| PB 0x00000000a2e00000| Untracked 
|  13|0x00000000a2f00000, 0x00000000a3000000, 0x00000000a3000000|100%| O|  |TAMS 0x00000000a3000000| PB 0x00000000a2f00000| Untracked 
|  14|0x00000000a3000000, 0x00000000a3100000, 0x00000000a3100000|100%| O|  |TAMS 0x00000000a3100000| PB 0x00000000a3000000| Untracked 
|  15|0x00000000a3100000, 0x00000000a3200000, 0x00000000a3200000|100%| O|  |TAMS 0x00000000a3200000| PB 0x00000000a3100000| Untracked 
|  16|0x00000000a3200000, 0x00000000a3300000, 0x00000000a3300000|100%| O|  |TAMS 0x00000000a3300000| PB 0x00000000a3200000| Untracked 
|  17|0x00000000a3300000, 0x00000000a3400000, 0x00000000a3400000|100%| O|  |TAMS 0x00000000a3400000| PB 0x00000000a3300000| Untracked 
|  18|0x00000000a3400000, 0x00000000a3500000, 0x00000000a3500000|100%| O|  |TAMS 0x00000000a3500000| PB 0x00000000a3400000| Untracked 
|  19|0x00000000a3500000, 0x00000000a3600000, 0x00000000a3600000|100%| O|  |TAMS 0x00000000a3600000| PB 0x00000000a3500000| Untracked 
|  20|0x00000000a3600000, 0x00000000a3700000, 0x00000000a3700000|100%| O|  |TAMS 0x00000000a3700000| PB 0x00000000a3600000| Untracked 
|  21|0x00000000a3700000, 0x00000000a3800000, 0x00000000a3800000|100%| O|  |TAMS 0x00000000a3800000| PB 0x00000000a3700000| Untracked 
|  22|0x00000000a3800000, 0x00000000a3900000, 0x00000000a3900000|100%| O|  |TAMS 0x00000000a3900000| PB 0x00000000a3800000| Untracked 
|  23|0x00000000a3900000, 0x00000000a3a00000, 0x00000000a3a00000|100%| O|  |TAMS 0x00000000a3a00000| PB 0x00000000a3900000| Untracked 
|  24|0x00000000a3a00000, 0x00000000a3b00000, 0x00000000a3b00000|100%| O|  |TAMS 0x00000000a3b00000| PB 0x00000000a3a00000| Untracked 
|  25|0x00000000a3b00000, 0x00000000a3c00000, 0x00000000a3c00000|100%| O|  |TAMS 0x00000000a3c00000| PB 0x00000000a3b00000| Untracked 
|  26|0x00000000a3c00000, 0x00000000a3d00000, 0x00000000a3d00000|100%| O|  |TAMS 0x00000000a3d00000| PB 0x00000000a3c00000| Untracked 
|  27|0x00000000a3d00000, 0x00000000a3e00000, 0x00000000a3e00000|100%| O|  |TAMS 0x00000000a3e00000| PB 0x00000000a3d00000| Untracked 
|  28|0x00000000a3e00000, 0x00000000a3f00000, 0x00000000a3f00000|100%| O|  |TAMS 0x00000000a3f00000| PB 0x00000000a3e00000| Untracked 
|  29|0x00000000a3f00000, 0x00000000a4000000, 0x00000000a4000000|100%| O|  |TAMS 0x00000000a4000000| PB 0x00000000a3f00000| Untracked 
|  30|0x00000000a4000000, 0x00000000a4100000, 0x00000000a4100000|100%| O|  |TAMS 0x00000000a4100000| PB 0x00000000a4000000| Untracked 
|  31|0x00000000a4100000, 0x00000000a4200000, 0x00000000a4200000|100%| O|  |TAMS 0x00000000a4200000| PB 0x00000000a4100000| Untracked 
|  32|0x00000000a4200000, 0x00000000a4300000, 0x00000000a4300000|100%| O|  |TAMS 0x00000000a4300000| PB 0x00000000a4200000| Untracked 
|  33|0x00000000a4300000, 0x00000000a4400000, 0x00000000a4400000|100%| O|  |TAMS 0x00000000a4400000| PB 0x00000000a4300000| Untracked 
|  34|0x00000000a4400000, 0x00000000a4500000, 0x00000000a4500000|100%| O|  |TAMS 0x00000000a4500000| PB 0x00000000a4400000| Untracked 
|  35|0x00000000a4500000, 0x00000000a4600000, 0x00000000a4600000|100%| O|  |TAMS 0x00000000a4600000| PB 0x00000000a4500000| Untracked 
|  36|0x00000000a4600000, 0x00000000a4700000, 0x00000000a4700000|100%| O|  |TAMS 0x00000000a4700000| PB 0x00000000a4600000| Untracked 
|  37|0x00000000a4700000, 0x00000000a4800000, 0x00000000a4800000|100%| O|  |TAMS 0x00000000a4800000| PB 0x00000000a4700000| Untracked 
|  38|0x00000000a4800000, 0x00000000a4900000, 0x00000000a4900000|100%| O|  |TAMS 0x00000000a4900000| PB 0x00000000a4800000| Untracked 
|  39|0x00000000a4900000, 0x00000000a4a00000, 0x00000000a4a00000|100%| O|  |TAMS 0x00000000a4a00000| PB 0x00000000a4900000| Untracked 
|  40|0x00000000a4a00000, 0x00000000a4b00000, 0x00000000a4b00000|100%| O|  |TAMS 0x00000000a4b00000| PB 0x00000000a4a00000| Untracked 
|  41|0x00000000a4b00000, 0x00000000a4c00000, 0x00000000a4c00000|100%| O|  |TAMS 0x00000000a4b00000| PB 0x00000000a4b00000| Untracked 
|  42|0x00000000a4c00000, 0x00000000a4d00000, 0x00000000a4d00000|100%| O|  |TAMS 0x00000000a4c00000| PB 0x00000000a4c00000| Untracked 
|  43|0x00000000a4d00000, 0x00000000a4e00000, 0x00000000a4e00000|100%| O|  |TAMS 0x00000000a4e00000| PB 0x00000000a4d00000| Untracked 
|  44|0x00000000a4e00000, 0x00000000a4f00000, 0x00000000a4f00000|100%| O|  |TAMS 0x00000000a4f00000| PB 0x00000000a4e00000| Untracked 
|  45|0x00000000a4f00000, 0x00000000a5000000, 0x00000000a5000000|100%| O|  |TAMS 0x00000000a5000000| PB 0x00000000a4f00000| Untracked 
|  46|0x00000000a5000000, 0x00000000a5100000, 0x00000000a5100000|100%| O|  |TAMS 0x00000000a5100000| PB 0x00000000a5000000| Untracked 
|  47|0x00000000a5100000, 0x00000000a5200000, 0x00000000a5200000|100%| O|  |TAMS 0x00000000a5200000| PB 0x00000000a5100000| Untracked 
|  48|0x00000000a5200000, 0x00000000a520ce30, 0x00000000a5300000|  5%| O|  |TAMS 0x00000000a5200000| PB 0x00000000a5200000| Untracked 
|  49|0x00000000a5300000, 0x00000000a5300000, 0x00000000a5400000|  0%| F|  |TAMS 0x00000000a5300000| PB 0x00000000a5300000| Untracked 
|  50|0x00000000a5400000, 0x00000000a5400000, 0x00000000a5500000|  0%| F|  |TAMS 0x00000000a5400000| PB 0x00000000a5400000| Untracked 
|  51|0x00000000a5500000, 0x00000000a5500000, 0x00000000a5600000|  0%| F|  |TAMS 0x00000000a5500000| PB 0x00000000a5500000| Untracked 
|  52|0x00000000a5600000, 0x00000000a5600000, 0x00000000a5700000|  0%| F|  |TAMS 0x00000000a5600000| PB 0x00000000a5600000| Untracked 
|  53|0x00000000a5700000, 0x00000000a5700000, 0x00000000a5800000|  0%| F|  |TAMS 0x00000000a5700000| PB 0x00000000a5700000| Untracked 
|  54|0x00000000a5800000, 0x00000000a5900000, 0x00000000a5900000|100%| S|CS|TAMS 0x00000000a5800000| PB 0x00000000a5800000| Complete 
|  55|0x00000000a5900000, 0x00000000a5900000, 0x00000000a5a00000|  0%| F|  |TAMS 0x00000000a5900000| PB 0x00000000a5900000| Untracked 
|  56|0x00000000a5a00000, 0x00000000a5a00000, 0x00000000a5b00000|  0%| F|  |TAMS 0x00000000a5a00000| PB 0x00000000a5a00000| Untracked 
|  57|0x00000000a5b00000, 0x00000000a5b00000, 0x00000000a5c00000|  0%| F|  |TAMS 0x00000000a5b00000| PB 0x00000000a5b00000| Untracked 
|  58|0x00000000a5c00000, 0x00000000a5c00000, 0x00000000a5d00000|  0%| F|  |TAMS 0x00000000a5c00000| PB 0x00000000a5c00000| Untracked 
|  59|0x00000000a5d00000, 0x00000000a5e00000, 0x00000000a5e00000|100%| S|CS|TAMS 0x00000000a5d00000| PB 0x00000000a5d00000| Complete 
|  60|0x00000000a5e00000, 0x00000000a5f00000, 0x00000000a5f00000|100%| S|CS|TAMS 0x00000000a5e00000| PB 0x00000000a5e00000| Complete 
|  61|0x00000000a5f00000, 0x00000000a5f00000, 0x00000000a6000000|  0%| F|  |TAMS 0x00000000a5f00000| PB 0x00000000a5f00000| Untracked 
|  62|0x00000000a6000000, 0x00000000a6000000, 0x00000000a6100000|  0%| F|  |TAMS 0x00000000a6000000| PB 0x00000000a6000000| Untracked 
|  63|0x00000000a6100000, 0x00000000a6100000, 0x00000000a6200000|  0%| F|  |TAMS 0x00000000a6100000| PB 0x00000000a6100000| Untracked 
|  64|0x00000000a6200000, 0x00000000a6200000, 0x00000000a6300000|  0%| F|  |TAMS 0x00000000a6200000| PB 0x00000000a6200000| Untracked 
|  65|0x00000000a6300000, 0x00000000a6300000, 0x00000000a6400000|  0%| F|  |TAMS 0x00000000a6300000| PB 0x00000000a6300000| Untracked 
|  66|0x00000000a6400000, 0x00000000a6400000, 0x00000000a6500000|  0%| F|  |TAMS 0x00000000a6400000| PB 0x00000000a6400000| Untracked 
|  67|0x00000000a6500000, 0x00000000a6500000, 0x00000000a6600000|  0%| F|  |TAMS 0x00000000a6500000| PB 0x00000000a6500000| Untracked 
|  68|0x00000000a6600000, 0x00000000a6600000, 0x00000000a6700000|  0%| F|  |TAMS 0x00000000a6600000| PB 0x00000000a6600000| Untracked 
|  69|0x00000000a6700000, 0x00000000a6700000, 0x00000000a6800000|  0%| F|  |TAMS 0x00000000a6700000| PB 0x00000000a6700000| Untracked 
|  70|0x00000000a6800000, 0x00000000a6800000, 0x00000000a6900000|  0%| F|  |TAMS 0x00000000a6800000| PB 0x00000000a6800000| Untracked 
|  71|0x00000000a6900000, 0x00000000a6900000, 0x00000000a6a00000|  0%| F|  |TAMS 0x00000000a6900000| PB 0x00000000a6900000| Untracked 
|  72|0x00000000a6a00000, 0x00000000a6a00000, 0x00000000a6b00000|  0%| F|  |TAMS 0x00000000a6a00000| PB 0x00000000a6a00000| Untracked 
|  73|0x00000000a6b00000, 0x00000000a6b00000, 0x00000000a6c00000|  0%| F|  |TAMS 0x00000000a6b00000| PB 0x00000000a6b00000| Untracked 
|  74|0x00000000a6c00000, 0x00000000a6c00000, 0x00000000a6d00000|  0%| F|  |TAMS 0x00000000a6c00000| PB 0x00000000a6c00000| Untracked 
|  75|0x00000000a6d00000, 0x00000000a6d00000, 0x00000000a6e00000|  0%| F|  |TAMS 0x00000000a6d00000| PB 0x00000000a6d00000| Untracked 
|  76|0x00000000a6e00000, 0x00000000a6e00000, 0x00000000a6f00000|  0%| F|  |TAMS 0x00000000a6e00000| PB 0x00000000a6e00000| Untracked 
|  77|0x00000000a6f00000, 0x00000000a6f00000, 0x00000000a7000000|  0%| F|  |TAMS 0x00000000a6f00000| PB 0x00000000a6f00000| Untracked 
|  78|0x00000000a7000000, 0x00000000a7000000, 0x00000000a7100000|  0%| F|  |TAMS 0x00000000a7000000| PB 0x00000000a7000000| Untracked 
|  79|0x00000000a7100000, 0x00000000a7100000, 0x00000000a7200000|  0%| F|  |TAMS 0x00000000a7100000| PB 0x00000000a7100000| Untracked 
|  80|0x00000000a7200000, 0x00000000a7200000, 0x00000000a7300000|  0%| F|  |TAMS 0x00000000a7200000| PB 0x00000000a7200000| Untracked 
|  81|0x00000000a7300000, 0x00000000a7300000, 0x00000000a7400000|  0%| F|  |TAMS 0x00000000a7300000| PB 0x00000000a7300000| Untracked 
|  82|0x00000000a7400000, 0x00000000a7400000, 0x00000000a7500000|  0%| F|  |TAMS 0x00000000a7400000| PB 0x00000000a7400000| Untracked 
|  83|0x00000000a7500000, 0x00000000a7500000, 0x00000000a7600000|  0%| F|  |TAMS 0x00000000a7500000| PB 0x00000000a7500000| Untracked 
|  84|0x00000000a7600000, 0x00000000a7600000, 0x00000000a7700000|  0%| F|  |TAMS 0x00000000a7600000| PB 0x00000000a7600000| Untracked 
|  85|0x00000000a7700000, 0x00000000a7700000, 0x00000000a7800000|  0%| F|  |TAMS 0x00000000a7700000| PB 0x00000000a7700000| Untracked 
|  86|0x00000000a7800000, 0x00000000a7800000, 0x00000000a7900000|  0%| F|  |TAMS 0x00000000a7800000| PB 0x00000000a7800000| Untracked 
|  87|0x00000000a7900000, 0x00000000a7900000, 0x00000000a7a00000|  0%| F|  |TAMS 0x00000000a7900000| PB 0x00000000a7900000| Untracked 
|  88|0x00000000a7a00000, 0x00000000a7a00000, 0x00000000a7b00000|  0%| F|  |TAMS 0x00000000a7a00000| PB 0x00000000a7a00000| Untracked 
|  89|0x00000000a7b00000, 0x00000000a7b00000, 0x00000000a7c00000|  0%| F|  |TAMS 0x00000000a7b00000| PB 0x00000000a7b00000| Untracked 
|  90|0x00000000a7c00000, 0x00000000a7c00000, 0x00000000a7d00000|  0%| F|  |TAMS 0x00000000a7c00000| PB 0x00000000a7c00000| Untracked 
|  91|0x00000000a7d00000, 0x00000000a7d00000, 0x00000000a7e00000|  0%| F|  |TAMS 0x00000000a7d00000| PB 0x00000000a7d00000| Untracked 
|  92|0x00000000a7e00000, 0x00000000a7e00000, 0x00000000a7f00000|  0%| F|  |TAMS 0x00000000a7e00000| PB 0x00000000a7e00000| Untracked 
|  93|0x00000000a7f00000, 0x00000000a7f00000, 0x00000000a8000000|  0%| F|  |TAMS 0x00000000a7f00000| PB 0x00000000a7f00000| Untracked 
|  94|0x00000000a8000000, 0x00000000a8000000, 0x00000000a8100000|  0%| F|  |TAMS 0x00000000a8000000| PB 0x00000000a8000000| Untracked 
|  95|0x00000000a8100000, 0x00000000a8100000, 0x00000000a8200000|  0%| F|  |TAMS 0x00000000a8100000| PB 0x00000000a8100000| Untracked 

Card table byte_map: [0x000001e3d9fc0000,0x000001e3da2b0000] _byte_map_base: 0x000001e3d9aaf000

Marking Bits: (CMBitMap*) 0x000001e3c2355710
 Bits: [0x000001e3da2b0000, 0x000001e3dba28000)

Polling page: 0x000001e3c0270000

Metaspace:

Usage:
  Non-class:     71.84 MB used.
      Class:     11.33 MB used.
       Both:     83.17 MB used.

Virtual space:
  Non-class space:      128.00 MB reserved,      72.31 MB ( 56%) committed,  2 nodes.
      Class space:        1.00 GB reserved,      11.75 MB (  1%) committed,  1 nodes.
             Both:        1.12 GB reserved,      84.06 MB (  7%) committed. 

Chunk freelists:
   Non-Class:  6.95 MB
       Class:  4.14 MB
        Both:  11.09 MB

MaxMetaspaceSize: unlimited
CompressedClassSpaceSize: 1.00 GB
Initial GC threshold: 21.00 MB
Current GC threshold: 130.31 MB
CDS: on
 - commit_granule_bytes: 65536.
 - commit_granule_words: 8192.
 - virtual_space_node_default_size: 8388608.
 - enlarge_chunks_in_place: 1.
 - use_allocation_guard: 0.


Internal statistics:

num_allocs_failed_limit: 9.
num_arena_births: 1344.
num_arena_deaths: 0.
num_vsnodes_births: 3.
num_vsnodes_deaths: 0.
num_space_committed: 1345.
num_space_uncommitted: 0.
num_chunks_returned_to_freelist: 9.
num_chunks_taken_from_freelist: 4365.
num_chunk_merges: 3.
num_chunk_splits: 3099.
num_chunks_enlarged: 2358.
num_inconsistent_stats: 0.

CodeHeap 'non-profiled nmethods': size=120000Kb used=4801Kb max_used=4801Kb free=115198Kb
 bounds [0x000001e3d2250000, 0x000001e3d2710000, 0x000001e3d9780000]
CodeHeap 'profiled nmethods': size=120000Kb used=14087Kb max_used=14087Kb free=105912Kb
 bounds [0x000001e3ca780000, 0x000001e3cb550000, 0x000001e3d1cb0000]
CodeHeap 'non-nmethods': size=5760Kb used=1742Kb max_used=1782Kb free=4017Kb
 bounds [0x000001e3d1cb0000, 0x000001e3d1f20000, 0x000001e3d2250000]
 total_blobs=8815 nmethods=8059 adapters=659
 compilation: enabled
              stopped_count=0, restarted_count=0
 full_count=0

Compilation events (20 events):
Event: 226.942 Thread 0x000001e3de67f2f0 9516       4       java.util.AbstractCollection::containsAll (38 bytes)
Event: 227.018 Thread 0x000001e3de67f2f0 nmethod 9516 0x000001e3d26fe290 code [0x000001e3d26fe520, 0x000001e3d26ff538]
Event: 229.502 Thread 0x000001e3de67a5c0 9517       3       java.nio.MappedByteBuffer::rewind (5 bytes)
Event: 229.505 Thread 0x000001e3de67a5c0 nmethod 9517 0x000001e3cb53d890 code [0x000001e3cb53da40, 0x000001e3cb53dc78]
Event: 233.879 Thread 0x000001e3de67a5c0 9518       3       java.util.Date::<init> (8 bytes)
Event: 233.882 Thread 0x000001e3de67a5c0 nmethod 9518 0x000001e3cb53dd90 code [0x000001e3cb53df40, 0x000001e3cb53e140]
Event: 235.932 Thread 0x000001e3de67a5c0 9519       3       java.util.concurrent.locks.AbstractQueuedSynchronizer$ConditionObject::unlinkCancelledWaiters (91 bytes)
Event: 235.933 Thread 0x000001e3de67a5c0 nmethod 9519 0x000001e3cb53e210 code [0x000001e3cb53e3e0, 0x000001e3cb53e868]
Event: 239.319 Thread 0x000001e3de67f2f0 9520       4       java.util.HashMap$HashIterator::<init> (79 bytes)
Event: 239.324 Thread 0x000001e3de67f2f0 nmethod 9520 0x000001e3d26ffd90 code [0x000001e3d26fff40, 0x000001e3d2700320]
Event: 253.332 Thread 0x000001e3de67a5c0 9521       3       org.apache.catalina.util.LifecycleBase::fireLifecycleEvent (56 bytes)
Event: 253.341 Thread 0x000001e3de67a5c0 nmethod 9521 0x000001e3cb53e990 code [0x000001e3cb53ebc0, 0x000001e3cb53f448]
Event: 253.341 Thread 0x000001e3de67a5c0 9523       3       java.util.concurrent.locks.ReentrantReadWriteLock$Sync::tryAcquireShared (177 bytes)
Event: 253.347 Thread 0x000001e3de67a5c0 nmethod 9523 0x000001e3cb53f690 code [0x000001e3cb53f940, 0x000001e3cb540800]
Event: 253.347 Thread 0x000001e3de67a5c0 9524       3       java.util.concurrent.locks.ReentrantReadWriteLock$Sync::sharedCount (5 bytes)
Event: 253.347 Thread 0x000001e3de67a5c0 nmethod 9524 0x000001e3cb540d10 code [0x000001e3cb540ea0, 0x000001e3cb540f90]
Event: 253.347 Thread 0x000001e3de67a5c0 9525       3       java.util.concurrent.locks.ReentrantReadWriteLock$ReadLock::unlock (10 bytes)
Event: 253.348 Thread 0x000001e3de67a5c0 nmethod 9525 0x000001e3cb541010 code [0x000001e3cb5411e0, 0x000001e3cb5414c0]
Event: 253.348 Thread 0x000001e3de67a5c0 9522       3       org.apache.catalina.LifecycleEvent::<init> (16 bytes)
Event: 253.349 Thread 0x000001e3de67a5c0 nmethod 9522 0x000001e3cb541610 code [0x000001e3cb5417e0, 0x000001e3cb541bc0]

GC Heap History (20 events):
Event: 13.951 GC heap after
{Heap after GC invocations=20 (full 0):
 garbage-first heap   total 79872K, used 43464K [0x00000000a2200000, 0x0000000100000000)
  region size 1024K, 5 young (5120K), 5 survivors (5120K)
 Metaspace       used 72425K, committed 73152K, reserved 1114112K
  class space    used 9845K, committed 10176K, reserved 1048576K
}
Event: 14.107 GC heap before
{Heap before GC invocations=20 (full 0):
 garbage-first heap   total 79872K, used 69064K [0x00000000a2200000, 0x0000000100000000)
  region size 1024K, 30 young (30720K), 5 survivors (5120K)
 Metaspace       used 72447K, committed 73152K, reserved 1114112K
  class space    used 9845K, committed 10176K, reserved 1048576K
}
Event: 14.112 GC heap after
{Heap after GC invocations=21 (full 0):
 garbage-first heap   total 79872K, used 45579K [0x00000000a2200000, 0x0000000100000000)
  region size 1024K, 3 young (3072K), 3 survivors (3072K)
 Metaspace       used 72447K, committed 73152K, reserved 1114112K
  class space    used 9845K, committed 10176K, reserved 1048576K
}
Event: 14.368 GC heap before
{Heap before GC invocations=21 (full 0):
 garbage-first heap   total 79872K, used 70155K [0x00000000a2200000, 0x0000000100000000)
  region size 1024K, 27 young (27648K), 3 survivors (3072K)
 Metaspace       used 73891K, committed 74624K, reserved 1114112K
  class space    used 10089K, committed 10432K, reserved 1048576K
}
Event: 14.370 GC heap after
{Heap after GC invocations=22 (full 0):
 garbage-first heap   total 79872K, used 45985K [0x00000000a2200000, 0x0000000100000000)
  region size 1024K, 3 young (3072K), 3 survivors (3072K)
 Metaspace       used 73891K, committed 74624K, reserved 1114112K
  class space    used 10089K, committed 10432K, reserved 1048576K
}
Event: 14.504 GC heap before
{Heap before GC invocations=23 (full 0):
 garbage-first heap   total 81920K, used 71585K [0x00000000a2200000, 0x0000000100000000)
  region size 1024K, 28 young (28672K), 3 survivors (3072K)
 Metaspace       used 73984K, committed 74688K, reserved 1114112K
  class space    used 10098K, committed 10432K, reserved 1048576K
}
Event: 14.507 GC heap after
{Heap after GC invocations=24 (full 0):
 garbage-first heap   total 81920K, used 47161K [0x00000000a2200000, 0x0000000100000000)
  region size 1024K, 2 young (2048K), 2 survivors (2048K)
 Metaspace       used 73984K, committed 74688K, reserved 1114112K
  class space    used 10098K, committed 10432K, reserved 1048576K
}
Event: 14.667 GC heap before
{Heap before GC invocations=24 (full 0):
 garbage-first heap   total 81920K, used 73785K [0x00000000a2200000, 0x0000000100000000)
  region size 1024K, 28 young (28672K), 2 survivors (2048K)
 Metaspace       used 74080K, committed 74752K, reserved 1114112K
  class space    used 10108K, committed 10432K, reserved 1048576K
}
Event: 14.669 GC heap after
{Heap after GC invocations=25 (full 0):
 garbage-first heap   total 98304K, used 45002K [0x00000000a2200000, 0x0000000100000000)
  region size 1024K, 2 young (2048K), 2 survivors (2048K)
 Metaspace       used 74080K, committed 74752K, reserved 1114112K
  class space    used 10108K, committed 10432K, reserved 1048576K
}
Event: 15.223 GC heap before
{Heap before GC invocations=25 (full 0):
 garbage-first heap   total 98304K, used 88010K [0x00000000a2200000, 0x0000000100000000)
  region size 1024K, 44 young (45056K), 2 survivors (2048K)
 Metaspace       used 74741K, committed 75456K, reserved 1114112K
  class space    used 10173K, committed 10496K, reserved 1048576K
}
Event: 15.227 GC heap after
{Heap after GC invocations=26 (full 0):
 garbage-first heap   total 98304K, used 45847K [0x00000000a2200000, 0x0000000100000000)
  region size 1024K, 3 young (3072K), 3 survivors (3072K)
 Metaspace       used 74741K, committed 75456K, reserved 1114112K
  class space    used 10173K, committed 10496K, reserved 1048576K
}
Event: 15.621 GC heap before
{Heap before GC invocations=26 (full 0):
 garbage-first heap   total 98304K, used 87831K [0x00000000a2200000, 0x0000000100000000)
  region size 1024K, 44 young (45056K), 3 survivors (3072K)
 Metaspace       used 76110K, committed 76864K, reserved 1179648K
  class space    used 10333K, committed 10688K, reserved 1048576K
}
Event: 15.624 GC heap after
{Heap after GC invocations=27 (full 0):
 garbage-first heap   total 98304K, used 47644K [0x00000000a2200000, 0x0000000100000000)
  region size 1024K, 5 young (5120K), 5 survivors (5120K)
 Metaspace       used 76110K, committed 76864K, reserved 1179648K
  class space    used 10333K, committed 10688K, reserved 1048576K
}
Event: 16.517 GC heap before
{Heap before GC invocations=27 (full 0):
 garbage-first heap   total 98304K, used 85532K [0x00000000a2200000, 0x0000000100000000)
  region size 1024K, 42 young (43008K), 5 survivors (5120K)
 Metaspace       used 79147K, committed 79936K, reserved 1179648K
  class space    used 10764K, committed 11136K, reserved 1048576K
}
Event: 16.523 GC heap after
{Heap after GC invocations=28 (full 0):
 garbage-first heap   total 98304K, used 50044K [0x00000000a2200000, 0x0000000100000000)
  region size 1024K, 6 young (6144K), 6 survivors (6144K)
 Metaspace       used 79147K, committed 79936K, reserved 1179648K
  class space    used 10764K, committed 11136K, reserved 1048576K
}
Event: 17.043 GC heap before
{Heap before GC invocations=29 (full 0):
 garbage-first heap   total 98304K, used 84860K [0x00000000a2200000, 0x0000000100000000)
  region size 1024K, 40 young (40960K), 6 survivors (6144K)
 Metaspace       used 81398K, committed 82240K, reserved 1179648K
  class space    used 11093K, committed 11456K, reserved 1048576K
}
Event: 17.049 GC heap after
{Heap after GC invocations=30 (full 0):
 garbage-first heap   total 98304K, used 52068K [0x00000000a2200000, 0x0000000100000000)
  region size 1024K, 5 young (5120K), 5 survivors (5120K)
 Metaspace       used 81398K, committed 82240K, reserved 1179648K
  class space    used 11093K, committed 11456K, reserved 1048576K
}
Event: 17.512 GC heap before
{Heap before GC invocations=30 (full 0):
 garbage-first heap   total 98304K, used 85860K [0x00000000a2200000, 0x0000000100000000)
  region size 1024K, 38 young (38912K), 5 survivors (5120K)
 Metaspace       used 83133K, committed 83968K, reserved 1179648K
  class space    used 11382K, committed 11776K, reserved 1048576K
}
Event: 17.520 GC heap after
{Heap after GC invocations=31 (full 0):
 garbage-first heap   total 98304K, used 51800K [0x00000000a2200000, 0x0000000100000000)
  region size 1024K, 5 young (5120K), 5 survivors (5120K)
 Metaspace       used 83133K, committed 83968K, reserved 1179648K
  class space    used 11382K, committed 11776K, reserved 1048576K
}
Event: 254.320 GC heap before
{Heap before GC invocations=31 (full 0):
 garbage-first heap   total 98304K, used 86616K [0x00000000a2200000, 0x0000000100000000)
  region size 1024K, 39 young (39936K), 5 survivors (5120K)
 Metaspace       used 85168K, committed 86080K, reserved 1179648K
  class space    used 11606K, committed 12032K, reserved 1048576K
}

Dll operation events (11 events):
Event: 0.015 Loaded shared library C:\Users\jorel\OneDrive - Università del Piemonte Orientale\Desktop\jdk-21_windows-x64_bin\jdk-21.0.6\bin\java.dll
Event: 0.065 Loaded shared library C:\Users\jorel\OneDrive - Università del Piemonte Orientale\Desktop\jdk-21_windows-x64_bin\jdk-21.0.6\bin\jsvml.dll
Event: 0.299 Loaded shared library C:\Users\jorel\OneDrive - Università del Piemonte Orientale\Desktop\jdk-21_windows-x64_bin\jdk-21.0.6\bin\net.dll
Event: 0.304 Loaded shared library C:\Users\jorel\OneDrive - Università del Piemonte Orientale\Desktop\jdk-21_windows-x64_bin\jdk-21.0.6\bin\nio.dll
Event: 0.312 Loaded shared library C:\Users\jorel\OneDrive - Università del Piemonte Orientale\Desktop\jdk-21_windows-x64_bin\jdk-21.0.6\bin\zip.dll
Event: 0.714 Loaded shared library C:\Users\jorel\OneDrive - Università del Piemonte Orientale\Desktop\jdk-21_windows-x64_bin\jdk-21.0.6\bin\jimage.dll
Event: 1.351 Loaded shared library C:\Users\jorel\OneDrive - Università del Piemonte Orientale\Desktop\jdk-21_windows-x64_bin\jdk-21.0.6\bin\management.dll
Event: 1.371 Loaded shared library C:\Users\jorel\OneDrive - Università del Piemonte Orientale\Desktop\jdk-21_windows-x64_bin\jdk-21.0.6\bin\management_ext.dll
Event: 7.682 Loaded shared library C:\Users\jorel\OneDrive - Università del Piemonte Orientale\Desktop\jdk-21_windows-x64_bin\jdk-21.0.6\bin\sunmscapi.dll
Event: 8.804 Loaded shared library C:\Users\jorel\OneDrive - Università del Piemonte Orientale\Desktop\jdk-21_windows-x64_bin\jdk-21.0.6\bin\verify.dll
Event: 9.223 Loaded shared library C:\Users\jorel\OneDrive - Università del Piemonte Orientale\Desktop\jdk-21_windows-x64_bin\jdk-21.0.6\bin\extnet.dll

Deoptimization events (20 events):
Event: 18.139 Thread 0x000001e4244c51c0 Uncommon trap: trap_request=0xffffffbe fr.pc=0x000001e3d26d5a70 relative=0x0000000000001370
Event: 18.139 Thread 0x000001e4244c51c0 Uncommon trap: reason=profile_predicate action=maybe_recompile pc=0x000001e3d26d5a70 method=java.util.TreeMap.put(Ljava/lang/Object;Ljava/lang/Object;Z)Ljava/lang/Object; @ 27 c2
Event: 18.139 Thread 0x000001e4244c51c0 DEOPT PACKING pc=0x000001e3d26d5a70 sp=0x0000005b454fdb00
Event: 18.139 Thread 0x000001e4244c51c0 DEOPT UNPACKING pc=0x000001e3d1d046a2 sp=0x0000005b454fdac0 mode 2
Event: 18.140 Thread 0x000001e4244c51c0 Uncommon trap: trap_request=0xffffffbe fr.pc=0x000001e3d26d5a70 relative=0x0000000000001370
Event: 18.140 Thread 0x000001e4244c51c0 Uncommon trap: reason=profile_predicate action=maybe_recompile pc=0x000001e3d26d5a70 method=java.util.TreeMap.put(Ljava/lang/Object;Ljava/lang/Object;Z)Ljava/lang/Object; @ 27 c2
Event: 18.140 Thread 0x000001e4244c51c0 DEOPT PACKING pc=0x000001e3d26d5a70 sp=0x0000005b454fdb00
Event: 18.140 Thread 0x000001e4244c51c0 DEOPT UNPACKING pc=0x000001e3d1d046a2 sp=0x0000005b454fdac0 mode 2
Event: 18.140 Thread 0x000001e4244c51c0 Uncommon trap: trap_request=0xffffffbe fr.pc=0x000001e3d26d5a70 relative=0x0000000000001370
Event: 18.140 Thread 0x000001e4244c51c0 Uncommon trap: reason=profile_predicate action=maybe_recompile pc=0x000001e3d26d5a70 method=java.util.TreeMap.put(Ljava/lang/Object;Ljava/lang/Object;Z)Ljava/lang/Object; @ 27 c2
Event: 18.140 Thread 0x000001e4244c51c0 DEOPT PACKING pc=0x000001e3d26d5a70 sp=0x0000005b454fdb00
Event: 18.140 Thread 0x000001e4244c51c0 DEOPT UNPACKING pc=0x000001e3d1d046a2 sp=0x0000005b454fdac0 mode 2
Event: 18.140 Thread 0x000001e4244c51c0 Uncommon trap: trap_request=0xffffffbe fr.pc=0x000001e3d26d5a70 relative=0x0000000000001370
Event: 18.140 Thread 0x000001e4244c51c0 Uncommon trap: reason=profile_predicate action=maybe_recompile pc=0x000001e3d26d5a70 method=java.util.TreeMap.put(Ljava/lang/Object;Ljava/lang/Object;Z)Ljava/lang/Object; @ 27 c2
Event: 18.140 Thread 0x000001e4244c51c0 DEOPT PACKING pc=0x000001e3d26d5a70 sp=0x0000005b454fdb00
Event: 18.140 Thread 0x000001e4244c51c0 DEOPT UNPACKING pc=0x000001e3d1d046a2 sp=0x0000005b454fdac0 mode 2
Event: 18.142 Thread 0x000001e4244c51c0 Uncommon trap: trap_request=0xffffffdc fr.pc=0x000001e3d26d8f90 relative=0x0000000000000250
Event: 18.142 Thread 0x000001e4244c51c0 Uncommon trap: reason=class_check action=make_not_entrant pc=0x000001e3d26d8f90 method=java.util.ArrayList.toArray([Ljava/lang/Object;)[Ljava/lang/Object; @ 21 c2
Event: 18.142 Thread 0x000001e4244c51c0 DEOPT PACKING pc=0x000001e3d26d8f90 sp=0x0000005b454fd9b0
Event: 18.142 Thread 0x000001e4244c51c0 DEOPT UNPACKING pc=0x000001e3d1d046a2 sp=0x0000005b454fd980 mode 2

Classes loaded (20 events):
Event: 18.173 Loading class java/beans/WeakIdentityMap done
Event: 18.173 Loading class java/beans/ThreadGroupContext$1 done
Event: 18.173 Loading class java/beans/WeakIdentityMap$Entry
Event: 18.173 Loading class java/beans/WeakIdentityMap$Entry done
Event: 18.173 Loading class com/sun/beans/introspect/ClassInfo
Event: 18.175 Loading class com/sun/beans/introspect/ClassInfo done
Event: 18.175 Loading class com/sun/beans/introspect/ClassInfo$1
Event: 18.175 Loading class com/sun/beans/util/Cache
Event: 18.176 Loading class com/sun/beans/util/Cache done
Event: 18.176 Loading class com/sun/beans/introspect/ClassInfo$1 done
Event: 18.176 Loading class com/sun/beans/util/Cache$Kind
Event: 18.177 Loading class com/sun/beans/util/Cache$Kind done
Event: 18.177 Loading class com/sun/beans/util/Cache$Kind$1
Event: 18.177 Loading class com/sun/beans/util/Cache$Kind$1 done
Event: 18.177 Loading class com/sun/beans/util/Cache$Kind$2
Event: 18.178 Loading class com/sun/beans/util/Cache$Kind$2 done
Event: 18.178 Loading class com/sun/beans/util/Cache$Kind$3
Event: 18.178 Loading class com/sun/beans/util/Cache$Kind$3 done
Event: 18.178 Loading class com/sun/beans/util/Cache$CacheEntry
Event: 18.178 Loading class com/sun/beans/util/Cache$CacheEntry done

Classes unloaded (0 events):
No events

Classes redefined (0 events):
No events

Internal exceptions (20 events):
Event: 16.191 Thread 0x000001e4244c51c0 Exception <a 'java/lang/NoSuchMethodError'{0x00000000a734c778}: 'void java.lang.invoke.DirectMethodHandle$Holder.invokeSpecial(java.lang.Object, java.lang.Object, int)'> (0x00000000a734c778) 
thrown [s\open\src\hotspot\share\interpreter\linkResolver.cpp, line 773]
Event: 16.515 Thread 0x000001e4244c51c0 Exception <a 'java/lang/IncompatibleClassChangeError'{0x00000000a5db94e0}: Found class java.lang.Object, but interface was expected> (0x00000000a5db94e0) 
thrown [s\open\src\hotspot\share\interpreter\linkResolver.cpp, line 840]
Event: 16.592 Thread 0x000001e4244c51c0 Exception <a 'java/lang/NoSuchMethodError'{0x00000000a7e65350}: 'java.lang.Object java.lang.invoke.DirectMethodHandle$Holder.newInvokeSpecial(java.lang.Object, java.lang.Object, java.lang.Object, java.lang.Object, java.lang.Object, java.lang.Object, java.lang.Object, java.lang.Object, java.lang.Object)'> (0x00000000a7e65350) 
thrown [s\open\src\hotspot\share\interpreter\linkResolver.cpp, line 773]
Event: 16.678 Thread 0x000001e4244c51c0 Exception <a 'java/lang/NoSuchMethodError'{0x00000000a7845340}: 'java.lang.Object java.lang.invoke.DirectMethodHandle$Holder.invokeVirtual(java.lang.Object, java.lang.Object, java.lang.Object, java.lang.Object, java.lang.Object, java.lang.Object, java.lang.Object, java.lang.Object, java.lang.Object)'> (0x00000000a7845340) 
thrown [s\open\src\hotspot\share\interpreter\linkResolver.cpp, line 773]
Event: 16.846 Thread 0x000001e4244c51c0 Exception <a 'java/lang/NoSuchMethodError'{0x00000000a6bf6ec8}: 'void java.lang.invoke.DirectMethodHandle$Holder.invokeVirtual(java.lang.Object, java.lang.Object, long)'> (0x00000000a6bf6ec8) 
thrown [s\open\src\hotspot\share\interpreter\linkResolver.cpp, line 773]
Event: 16.946 Thread 0x000001e4244c51c0 Exception <a 'java/lang/NoSuchMethodError'{0x00000000a6413008}: 'int java.lang.invoke.DirectMethodHandle$Holder.invokeStaticInit(java.lang.Object, java.lang.Object, java.lang.Object, java.lang.Object)'> (0x00000000a6413008) 
thrown [s\open\src\hotspot\share\interpreter\linkResolver.cpp, line 773]
Event: 17.028 Thread 0x000001e4244c51c0 Exception <a 'java/lang/NoSuchMethodError'{0x00000000a6027e98}: 'java.lang.Object java.lang.invoke.DirectMethodHandle$Holder.invokeVirtual(java.lang.Object, java.lang.Object, java.lang.Object, java.lang.Object, java.lang.Object, java.lang.Object, java.lang.Object, java.lang.Object, java.lang.Object, java.lang.Object)'> (0x00000000a6027e98) 
thrown [s\open\src\hotspot\share\interpreter\linkResolver.cpp, line 773]
Event: 17.210 Thread 0x000001e4244c51c0 Exception <a 'java/lang/NoSuchMethodError'{0x00000000a78de6b0}: 'double java.lang.invoke.DirectMethodHandle$Holder.invokeStatic(java.lang.Object, java.lang.Object)'> (0x00000000a78de6b0) 
thrown [s\open\src\hotspot\share\interpreter\linkResolver.cpp, line 773]
Event: 17.328 Thread 0x000001e4244c51c0 Exception <a 'java/net/BindException'{0x00000000a7155188}: Address already in use: bind> (0x00000000a7155188) 
thrown [s\open\src\hotspot\share\prims\jni.cpp, line 539]
Event: 17.333 Thread 0x000001e4244c51c0 Exception <a 'java/lang/IncompatibleClassChangeError'{0x00000000a7195200}: Found class java.lang.Object, but interface was expected> (0x00000000a7195200) 
thrown [s\open\src\hotspot\share\interpreter\linkResolver.cpp, line 840]
Event: 17.455 Thread 0x000001e4244c51c0 Exception <a 'java/lang/NoSuchMethodError'{0x00000000a62ed668}: 'void java.lang.invoke.DirectMethodHandle$Holder.invokeStatic(java.lang.Object, java.lang.Object, double)'> (0x00000000a62ed668) 
thrown [s\open\src\hotspot\share\interpreter\linkResolver.cpp, line 773]
Event: 17.483 Thread 0x000001e4244c51c0 Exception <a 'java/lang/NoSuchMethodError'{0x00000000a613df28}: 'double java.lang.invoke.DirectMethodHandle$Holder.invokeStatic(java.lang.Object, java.lang.Object, java.lang.Object)'> (0x00000000a613df28) 
thrown [s\open\src\hotspot\share\interpreter\linkResolver.cpp, line 773]
Event: 17.525 Thread 0x000001e4244c51c0 Exception <a 'java/lang/IncompatibleClassChangeError'{0x00000000a81bbfe0}: Found class java.lang.Object, but interface was expected> (0x00000000a81bbfe0) 
thrown [s\open\src\hotspot\share\interpreter\linkResolver.cpp, line 840]
Event: 17.539 Thread 0x000001e4244c51c0 Exception <a 'java/lang/NoSuchMethodError'{0x00000000a81ec6d8}: 'java.lang.Object java.lang.invoke.DirectMethodHandle$Holder.newInvokeSpecial(java.lang.Object, java.lang.Object, int, java.lang.Object, java.lang.Object)'> (0x00000000a81ec6d8) 
thrown [s\open\src\hotspot\share\interpreter\linkResolver.cpp, line 773]
Event: 17.540 Thread 0x000001e4244c51c0 Exception <a 'java/lang/NoSuchMethodError'{0x00000000a81f71d8}: 'java.lang.Object java.lang.invoke.DirectMethodHandle$Holder.invokeSpecial(java.lang.Object, java.lang.Object, int, java.lang.Object, int, java.lang.Object)'> (0x00000000a81f71d8) 
thrown [s\open\src\hotspot\share\interpreter\linkResolver.cpp, line 773]
Event: 17.540 Thread 0x000001e4244c51c0 Exception <a 'java/lang/NoSuchMethodError'{0x00000000a81fe5c8}: 'java.lang.Object java.lang.invoke.DirectMethodHandle$Holder.newInvokeSpecial(java.lang.Object, java.lang.Object, int, java.lang.Object, int)'> (0x00000000a81fe5c8) 
thrown [s\open\src\hotspot\share\interpreter\linkResolver.cpp, line 773]
Event: 17.542 Thread 0x000001e4244c51c0 Exception <a 'java/lang/NoSuchMethodError'{0x00000000a8002900}: 'java.lang.Object java.lang.invoke.DirectMethodHandle$Holder.invokeSpecial(java.lang.Object, java.lang.Object, java.lang.Object, int, java.lang.Object, int)'> (0x00000000a8002900) 
thrown [s\open\src\hotspot\share\interpreter\linkResolver.cpp, line 773]
Event: 17.559 Thread 0x000001e3de8f2350 Exception <a 'java/lang/NoSuchMethodError'{0x00000000a811d4b0}: 'long java.lang.invoke.DirectMethodHandle$Holder.invokeStatic(java.lang.Object, java.lang.Object, java.lang.Object)'> (0x00000000a811d4b0) 
thrown [s\open\src\hotspot\share\interpreter\linkResolver.cpp, line 773]
Event: 17.993 Thread 0x000001e4244c51c0 Exception <a 'java/lang/IncompatibleClassChangeError'{0x00000000a7d5dc30}: Found class java.lang.Object, but interface was expected> (0x00000000a7d5dc30) 
thrown [s\open\src\hotspot\share\interpreter\linkResolver.cpp, line 840]
Event: 18.043 Thread 0x000001e4244c51c0 Implicit null exception at 0x000001e3d25c5672 to 0x000001e3d25c5f1c

ZGC Phase Switch (0 events):
No events

VM Operations (20 events):
Event: 77.387 Executing VM operation: Cleanup done
Event: 124.795 Executing VM operation: Cleanup
Event: 124.797 Executing VM operation: Cleanup done
Event: 156.088 Executing VM operation: Cleanup
Event: 156.088 Executing VM operation: Cleanup done
Event: 160.128 Executing VM operation: Cleanup
Event: 160.128 Executing VM operation: Cleanup done
Event: 164.152 Executing VM operation: Cleanup
Event: 164.152 Executing VM operation: Cleanup done
Event: 174.220 Executing VM operation: Cleanup
Event: 174.220 Executing VM operation: Cleanup done
Event: 206.534 Executing VM operation: Cleanup
Event: 206.534 Executing VM operation: Cleanup done
Event: 213.602 Executing VM operation: Cleanup
Event: 213.602 Executing VM operation: Cleanup done
Event: 216.640 Executing VM operation: Cleanup
Event: 216.640 Executing VM operation: Cleanup done
Event: 229.750 Executing VM operation: Cleanup
Event: 229.750 Executing VM operation: Cleanup done
Event: 254.304 Executing VM operation: G1CollectForAllocation (G1 Evacuation Pause)

Events (20 events):
Event: 17.662 Thread 0x000001e42479c570 Thread added: 0x000001e42479c570
Event: 17.773 Thread 0x000001e42479d920 Thread added: 0x000001e42479d920
Event: 17.881 Thread 0x000001e424799780 Thread exited: 0x000001e424799780
Event: 17.883 Thread 0x000001e42479a4a0 Thread added: 0x000001e42479a4a0
Event: 17.901 Thread 0x000001e42479dfb0 Thread added: 0x000001e42479dfb0
Event: 17.901 Thread 0x000001e42479e640 Thread added: 0x000001e42479e640
Event: 17.902 Thread 0x000001e42479ecd0 Thread added: 0x000001e42479ecd0
Event: 17.902 Thread 0x000001e42479ab30 Thread added: 0x000001e42479ab30
Event: 17.902 Thread 0x000001e42479b1c0 Thread added: 0x000001e42479b1c0
Event: 17.902 Thread 0x000001e42479cc00 Thread added: 0x000001e42479cc00
Event: 17.902 Thread 0x000001e4247990f0 Thread added: 0x000001e4247990f0
Event: 17.902 Thread 0x000001e42479b850 Thread added: 0x000001e42479b850
Event: 17.902 Thread 0x000001e42479d290 Thread added: 0x000001e42479d290
Event: 17.902 Thread 0x000001e42479bee0 Thread added: 0x000001e42479bee0
Event: 17.927 Thread 0x000001e42479f360 Thread added: 0x000001e42479f360
Event: 17.929 Thread 0x000001e4247a0710 Thread added: 0x000001e4247a0710
Event: 18.170 Thread 0x000001e4244c51c0 Thread exited: 0x000001e4244c51c0
Event: 18.179 Thread 0x000001e4244c4b60 Thread exited: 0x000001e4244c4b60
Event: 18.179 Thread 0x000001e3c00ba7f0 Thread exited: 0x000001e3c00ba7f0
Event: 18.179 Thread 0x000001e42479f9f0 Thread added: 0x000001e42479f9f0


Dynamic libraries:
0x00007ff6cb530000 - 0x00007ff6cb540000 	C:\Users\jorel\OneDrive - Università del Piemonte Orientale\Desktop\jdk-21_windows-x64_bin\jdk-21.0.6\bin\javaw.exe
0x00007ffec8df0000 - 0x00007ffec9007000 	C:\WINDOWS\SYSTEM32\ntdll.dll
0x00007ffec7180000 - 0x00007ffec7244000 	C:\WINDOWS\System32\KERNEL32.DLL
0x00007ffec6110000 - 0x00007ffec64e3000 	C:\WINDOWS\System32\KERNELBASE.dll
0x00007ffec6960000 - 0x00007ffec6a71000 	C:\WINDOWS\System32\ucrtbase.dll
0x00007ffea1260000 - 0x00007ffea1279000 	C:\Users\jorel\OneDrive - Università del Piemonte Orientale\Desktop\jdk-21_windows-x64_bin\jdk-21.0.6\bin\jli.dll
0x00007ffec8ca0000 - 0x00007ffec8d51000 	C:\WINDOWS\System32\ADVAPI32.dll
0x00007ffec8b70000 - 0x00007ffec8c17000 	C:\WINDOWS\System32\msvcrt.dll
0x00007ffe82780000 - 0x00007ffe8279b000 	C:\Users\jorel\OneDrive - Università del Piemonte Orientale\Desktop\jdk-21_windows-x64_bin\jdk-21.0.6\bin\VCRUNTIME140.dll
0x00007ffec7600000 - 0x00007ffec76a7000 	C:\WINDOWS\System32\sechost.dll
0x00007ffec6520000 - 0x00007ffec6548000 	C:\WINDOWS\System32\bcrypt.dll
0x00007ffec8a30000 - 0x00007ffec8b44000 	C:\WINDOWS\System32\RPCRT4.dll
0x00007ffec7250000 - 0x00007ffec7401000 	C:\WINDOWS\System32\USER32.dll
0x00007ffec64f0000 - 0x00007ffec6516000 	C:\WINDOWS\System32\win32u.dll
0x00007ffec89f0000 - 0x00007ffec8a19000 	C:\WINDOWS\System32\GDI32.dll
0x00007ffec6650000 - 0x00007ffec6772000 	C:\WINDOWS\System32\gdi32full.dll
0x00007ffec68c0000 - 0x00007ffec695a000 	C:\WINDOWS\System32\msvcp_win.dll
0x00007ffeaf520000 - 0x00007ffeaf7bb000 	C:\WINDOWS\WinSxS\amd64_microsoft.windows.common-controls_6595b64144ccf1df_6.0.22621.5262_none_2712bde373830908\COMCTL32.dll
0x00007ffebc940000 - 0x00007ffebc94a000 	C:\WINDOWS\SYSTEM32\VERSION.dll
0x00007ffec6d90000 - 0x00007ffec6dc1000 	C:\WINDOWS\System32\IMM32.DLL
0x00007ffea2330000 - 0x00007ffea233c000 	C:\Users\jorel\OneDrive - Università del Piemonte Orientale\Desktop\jdk-21_windows-x64_bin\jdk-21.0.6\bin\vcruntime140_1.dll
0x00007ffe5b280000 - 0x00007ffe5b30e000 	C:\Users\jorel\OneDrive - Università del Piemonte Orientale\Desktop\jdk-21_windows-x64_bin\jdk-21.0.6\bin\msvcp140.dll
0x00007ffdc0980000 - 0x00007ffdc169a000 	C:\Users\jorel\OneDrive - Università del Piemonte Orientale\Desktop\jdk-21_windows-x64_bin\jdk-21.0.6\bin\server\jvm.dll
0x00007ffec7890000 - 0x00007ffec7901000 	C:\WINDOWS\System32\WS2_32.dll
0x00007ffec5db0000 - 0x00007ffec5dfd000 	C:\WINDOWS\SYSTEM32\POWRPROF.dll
0x00007ffebea10000 - 0x00007ffebea44000 	C:\WINDOWS\SYSTEM32\WINMM.dll
0x00007ffec5d90000 - 0x00007ffec5da3000 	C:\WINDOWS\SYSTEM32\UMPDC.dll
0x00007ffec4e90000 - 0x00007ffec4ea8000 	C:\WINDOWS\SYSTEM32\kernel.appcore.dll
0x00007ffe84960000 - 0x00007ffe8496a000 	C:\Users\jorel\OneDrive - Università del Piemonte Orientale\Desktop\jdk-21_windows-x64_bin\jdk-21.0.6\bin\jimage.dll
0x00007ffec3aa0000 - 0x00007ffec3cd2000 	C:\WINDOWS\SYSTEM32\DBGHELP.DLL
0x00007ffec8640000 - 0x00007ffec89d3000 	C:\WINDOWS\System32\combase.dll
0x00007ffec7520000 - 0x00007ffec75f7000 	C:\WINDOWS\System32\OLEAUT32.dll
0x00007ffeac6d0000 - 0x00007ffeac702000 	C:\WINDOWS\SYSTEM32\dbgcore.DLL
0x00007ffec65d0000 - 0x00007ffec664b000 	C:\WINDOWS\System32\bcryptPrimitives.dll
0x00007ffe7c950000 - 0x00007ffe7c96f000 	C:\Users\jorel\OneDrive - Università del Piemonte Orientale\Desktop\jdk-21_windows-x64_bin\jdk-21.0.6\bin\java.dll
0x00007ffec7da0000 - 0x00007ffec863d000 	C:\WINDOWS\System32\SHELL32.dll
0x00007ffec6780000 - 0x00007ffec68bf000 	C:\WINDOWS\System32\wintypes.dll
0x00007ffec3dd0000 - 0x00007ffec46ed000 	C:\WINDOWS\SYSTEM32\windows.storage.dll
0x00007ffec7410000 - 0x00007ffec751b000 	C:\WINDOWS\System32\SHCORE.dll
0x00007ffec7800000 - 0x00007ffec7866000 	C:\WINDOWS\System32\shlwapi.dll
0x00007ffec5e10000 - 0x00007ffec5e3b000 	C:\WINDOWS\SYSTEM32\profapi.dll
0x00007ffe42030000 - 0x00007ffe42107000 	C:\Users\jorel\OneDrive - Università del Piemonte Orientale\Desktop\jdk-21_windows-x64_bin\jdk-21.0.6\bin\jsvml.dll
0x00007ffe7e690000 - 0x00007ffe7e6a0000 	C:\Users\jorel\OneDrive - Università del Piemonte Orientale\Desktop\jdk-21_windows-x64_bin\jdk-21.0.6\bin\net.dll
0x00007ffebe700000 - 0x00007ffebe82c000 	C:\WINDOWS\SYSTEM32\WINHTTP.dll
0x00007ffec5360000 - 0x00007ffec53ca000 	C:\WINDOWS\system32\mswsock.dll
0x00007ffe7c930000 - 0x00007ffe7c946000 	C:\Users\jorel\OneDrive - Università del Piemonte Orientale\Desktop\jdk-21_windows-x64_bin\jdk-21.0.6\bin\nio.dll
0x00007ffe7a000000 - 0x00007ffe7a018000 	C:\Users\jorel\OneDrive - Università del Piemonte Orientale\Desktop\jdk-21_windows-x64_bin\jdk-21.0.6\bin\zip.dll
0x00007ffe7c920000 - 0x00007ffe7c92a000 	C:\Users\jorel\OneDrive - Università del Piemonte Orientale\Desktop\jdk-21_windows-x64_bin\jdk-21.0.6\bin\management.dll
0x00007ffe7a860000 - 0x00007ffe7a86b000 	C:\Users\jorel\OneDrive - Università del Piemonte Orientale\Desktop\jdk-21_windows-x64_bin\jdk-21.0.6\bin\management_ext.dll
0x00007ffec7740000 - 0x00007ffec7748000 	C:\WINDOWS\System32\PSAPI.DLL
0x00007ffec55e0000 - 0x00007ffec55fb000 	C:\WINDOWS\SYSTEM32\CRYPTSP.dll
0x00007ffec4e50000 - 0x00007ffec4e87000 	C:\WINDOWS\system32\rsaenh.dll
0x00007ffec5470000 - 0x00007ffec5498000 	C:\WINDOWS\SYSTEM32\USERENV.dll
0x00007ffec55d0000 - 0x00007ffec55dc000 	C:\WINDOWS\SYSTEM32\CRYPTBASE.dll
0x00007ffec4950000 - 0x00007ffec497d000 	C:\WINDOWS\SYSTEM32\IPHLPAPI.DLL
0x00007ffec7d90000 - 0x00007ffec7d99000 	C:\WINDOWS\System32\NSI.dll
0x00007ffe7a560000 - 0x00007ffe7a56e000 	C:\Users\jorel\OneDrive - Università del Piemonte Orientale\Desktop\jdk-21_windows-x64_bin\jdk-21.0.6\bin\sunmscapi.dll
0x00007ffec5fa0000 - 0x00007ffec6107000 	C:\WINDOWS\System32\CRYPT32.dll
0x00007ffec57b0000 - 0x00007ffec57dd000 	C:\WINDOWS\SYSTEM32\ncrypt.dll
0x00007ffec5770000 - 0x00007ffec57a7000 	C:\WINDOWS\SYSTEM32\NTASN1.dll
0x00007ffe79ff0000 - 0x00007ffe7a000000 	C:\Users\jorel\OneDrive - Università del Piemonte Orientale\Desktop\jdk-21_windows-x64_bin\jdk-21.0.6\bin\verify.dll
0x00007ffec49c0000 - 0x00007ffec4ab8000 	C:\WINDOWS\SYSTEM32\DNSAPI.dll
0x00007ffec13b0000 - 0x00007ffec13ba000 	C:\Windows\System32\rasadhlp.dll
0x00007ffeb9180000 - 0x00007ffeb9203000 	C:\WINDOWS\System32\fwpuclnt.dll
0x00007ffe79fe0000 - 0x00007ffe79fe9000 	C:\Users\jorel\OneDrive - Università del Piemonte Orientale\Desktop\jdk-21_windows-x64_bin\jdk-21.0.6\bin\extnet.dll
0x00007ffe9c860000 - 0x00007ffe9c868000 	C:\WINDOWS\system32\wshunix.dll

dbghelp: loaded successfully - version: 4.0.5 - missing functions: none
symbol engine: initialized successfully - sym options: 0x614 - pdb path: .;C:\Users\jorel\OneDrive - Università del Piemonte Orientale\Desktop\jdk-21_windows-x64_bin\jdk-21.0.6\bin;C:\WINDOWS\SYSTEM32;C:\WINDOWS\WinSxS\amd64_microsoft.windows.common-controls_6595b64144ccf1df_6.0.22621.5262_none_2712bde373830908;C:\Users\jorel\OneDrive - Università del Piemonte Orientale\Desktop\jdk-21_windows-x64_bin\jdk-21.0.6\bin\server

VM Arguments:
jvm_args: -Dfile.encoding=UTF-8 -Dstdout.encoding=UTF-8 -Dstderr.encoding=UTF-8 -XX:+ShowCodeDetailsInExceptionMessages 
java_command: com.parkingsystem.backend.BackendServiceApplication
java_class_path (initial): C:\Users\jorel\OneDrive - Università del Piemonte Orientale\Desktop\pisssiiiiiiir\backend-service\target\classes;C:\Users\jorel\.p2\pool\plugins\junit-jupiter-api_5.11.0.jar;C:\Users\jorel\.p2\pool\plugins\junit-jupiter-engine_5.11.0.jar;C:\Users\jorel\.p2\pool\plugins\junit-jupiter-migrationsupport_5.11.0.jar;C:\Users\jorel\.p2\pool\plugins\junit-jupiter-params_5.11.0.jar;C:\Users\jorel\.p2\pool\plugins\junit-platform-commons_1.11.0.jar;C:\Users\jorel\.p2\pool\plugins\junit-platform-engine_1.11.0.jar;C:\Users\jorel\.p2\pool\plugins\junit-platform-launcher_1.11.0.jar;C:\Users\jorel\.p2\pool\plugins\junit-platform-runner_1.11.0.jar;C:\Users\jorel\.p2\pool\plugins\junit-platform-suite-api_1.11.0.jar;C:\Users\jorel\.p2\pool\plugins\junit-platform-suite-engine_1.11.0.jar;C:\Users\jorel\.p2\pool\plugins\junit-platform-suite-commons_1.11.0.jar;C:\Users\jorel\.p2\pool\plugins\junit-vintage-engine_5.11.0.jar;C:\Users\jorel\.p2\pool\plugins\org.opentest4j_1.3.0.jar;C:\Users\jorel\.p2\pool\plugins\org.apiguardian.api_1.1.2.jar;C:\Users\jorel\.p2\pool\plugins\org.junit_4.13.2.v20230809-1000.jar;C:\Users\jorel\.p2\pool\plugins\org.hamcrest_3.0.0.jar;C:\Users\jorel\.p2\pool\plugins\org.hamcrest.core_2.2.0.v20230809-1000.jar;C:\Users\jorel\.m2\repository\org\springframework\boot\spring-boot-starter-actuator\3.1.4\spring-boot-starter-actuator-3.1.4.jar;C:\Users\jorel\.m2\repository\org\springframework\boot\spring-boot-starter\3.1.4\spring-boot-starter-3.1.4.jar;C:\Users\jorel\.m2\repository\org\springframework\boot\spring-boot-starter-logging\3.1.4\spring-boot-starter-logging-3.1.4.jar;C:\Users\jorel\.m2\repository\ch\qos\logback\logback-classic\1.4.11\logback-classic-1.4.11.jar;C:\Users\jorel\.m2\repository\ch\qos\logback\logback-core\1.4.11\logback-core-1.4.11.jar;C:\Users\jorel\.m2\repository\org\apache\logging\log4j\log4j-to-slf4j\2.20.0\log4j-to-slf4j-2.20.0.jar;C:\Users\jorel\.m2\repository\org\apache\logging\log4j\log4j-api\2.20.0\log4j-api-2.20.0.jar;C:\Users\jorel\.m2\repository\org\slf4j\jul-to-slf4j\2.0.9\jul-to-slf4j-2.0.9.jar;C:\Users\jorel\.m2\repository\org\yaml\snakeyaml\1.33\snakeyaml-1.33.jar;C:\Users\jorel\.m2\repository\org\springframework\boot\spring-boot-actuator-autoconfigure\3.1.4\spring-boot-actuator-autoconfigure-3.1.4.jar;C:\Users\jorel\.m2\repository\org\springframework\boot\spring-boot-actuator\3.1.4\spring-boot-actuator-3.1.4.jar;C:\Users\jorel\.m2\repository\com\fasterxml\jackson\datatype\jackson-datatype-jsr310\2.15.2\jackson-datatype-jsr310-2.15.2.jar;C:\Users\jorel\.m2\repository\io\micrometer\micrometer-observation\1.11.4\micrometer-observation-1.11.4.jar;C:\Users\jorel\.m2\repository\io\micrometer\micrometer-commons\1.11.4\micrometer-commons-1.11.4.jar;C:\Users\jorel\.m2\repository\io\micrometer\micrometer-core\1.11.4\micrometer-core-1.11.4.jar;C:\Users\jorel\.m2\repository\org\hdrhistogram\HdrHistogram\2.1.12\HdrHistogram-2.1.12.jar;C:\Users\jorel\.m2\repository\org\latencyutils\LatencyUtils\2.0.3\LatencyUtils-2.0.3.jar;C:\Users\jorel\.m2\repository\org\springframework\boot\spring-boot-starter-web\3.1.4\spring-boot-starter-web-3.1.4.jar;C:\Users\jorel\.m2\repository\org\springframework\boot\spring-boot-starter-json\3.1.4\spring-boot-starter-json-3.1.4.jar;C:\Users\jorel\.m2\repository\com\fasterxml\jackson\datatype\jackson-datatype-jdk8\2.15.2\jackson-datatype-jdk8-2.15.2.jar;C:\Users\jorel\.m2\repository\com\fasterxml\jackson\module\jackson-module-parameter-names\2.15.2\jackson-module-parameter-names-2.15.2.jar;C:\Users\jorel\.m2\repository\org\springframework\boot\spring-boot-starter-tomcat\3.1.4\spring-boot-starter-tomcat-3.1.4.jar;C:\Users\jorel\.m2\repository\org\apache\tomcat\embed\tomcat-embed-core\10.1.13\tomcat-embed-core-10.1.13.jar;C:\Users\jorel\.m2\repository\org\apache\tomcat\embed\tomcat-embed-el\10.1.13\tomcat-embed-el-10.1.13.jar;C:\Users\jorel\.m2\repository\org\apache\tomcat\embed\tomcat-embed-websocket\10.1.13\tomcat-embed-websocket-10.1.13.jar;C:\Users\jorel\.m2\repository\org\springframework\spring-web\6.0.12\spring-web-6.0.12.jar;C:\Users\jorel\.m2\repository\org\springframework\spring-beans\6.0.12\spring-beans-6.0.12.jar;C:\Users\jorel\.m2\repository\org\springframework\spring-webmvc\6.0.12\spring-webmvc-6.0.12.jar;C:\Users\jorel\.m2\repository\org\springframework\spring-expression\6.0.12\spring-expression-6.0.12.jar;C:\Users\jorel\.m2\repository\org\springframework\boot\spring-boot-starter-data-jpa\3.1.4\spring-boot-starter-data-jpa-3.1.4.jar;C:\Users\jorel\.m2\repository\org\springframework\boot\spring-boot-starter-aop\3.1.4\spring-boot-starter-aop-3.1.4.jar;C:\Users\jorel\.m2\repository\org\aspectj\aspectjweaver\1.9.20\aspectjweaver-1.9.20.jar;C:\Users\jorel\.m2\repository\org\springframework\boot\spring-boot-starter-jdbc\3.1.4\spring-boot-starter-jdbc-3.1.4.jar;C:\Users\jorel\.m2\repository\com\zaxxer\HikariCP\5.0.1\HikariCP-5.0.1.jar;C:\Users\jorel\.m2\repository\org\springframework\spring-jdbc\6.0.12\spring-jdbc-6.0.12.jar;C:\Users\jorel\.m2\repository\org\hibernate\orm\hibernate-core\6.2.9.Final\hibernate-core-6.2.9.Final.jar;C:\Users\jorel\.m2\repository\jakarta\transaction\jakarta.transaction-api\2.0.1\jakarta.transaction-api-2.0.1.jar;C:\Users\jorel\.m2\repository\org\jboss\logging\jboss-logging\3.5.3.Final\jboss-logging-3.5.3.Final.jar;C:\Users\jorel\.m2\repository\org\hibernate\common\hibernate-commons-annotations\6.0.6.Final\hibernate-commons-annotations-6.0.6.Final.jar;C:\Users\jorel\.m2\repository\io\smallrye\jandex\3.0.5\jandex-3.0.5.jar;C:\Users\jorel\.m2\repository\com\fasterxml\classmate\1.5.1\classmate-1.5.1.jar;C:\Users\jorel\.m2\repository\net\bytebuddy\byte-buddy\1.14.8\byte-buddy-1.14.8.jar;C:\Users\jorel\.m2\repository\org\glassfish\jaxb\jaxb-runtime\4.0.3\jaxb-runtime-4.0.3.jar;C:\Users\jorel\.m2\repository\org\glassfish\jaxb\jaxb-core\4.0.3\jaxb-core-4.0.3.jar;C:\Users\jorel\.m2\repository\org\eclipse\angus\angus-activation\2.0.1\angus-activation-2.0.1.jar;C:\Users\jorel\.m2\repository\org\glassfish\jaxb\txw2\4.0.3\txw2-4.0.3.jar;C:\Users\jorel\.m2\repository\com\sun\istack\istack-commons-runtime\4.1.2\istack-commons-runtime-4.1.2.jar;C:\Users\jorel\.m2\repository\jakarta\inject\jakarta.inject-api\2.0.1\jakarta.inject-api-2.0.1.jar;C:\Users\jorel\.m2\repository\org\antlr\antlr4-runtime\4.10.1\antlr4-runtime-4.10.1.jar;C:\Users\jorel\.m2\repository\org\springframework\data\spring-data-jpa\3.1.4\spring-data-jpa-3.1.4.jar;C:\Users\jorel\.m2\repository\org\springframework\data\spring-data-commons\3.1.4\spring-data-commons-3.1.4.jar;C:\Users\jorel\.m2\repository\org\springframework\spring-orm\6.0.12\spring-orm-6.0.12.jar;C:\Users\jorel\.m2\repository\org\slf4j\slf4j-api\2.0.9\slf4j-api-2.0.9.jar;C:\Users\jorel\.m2\repository\org\springframework\spring-aspects\6.0.12\spring-aspects-6.0.12.jar;C:\Users\jorel\.m2\repository\org\springframework\boot\spring-boot-starter-security\3.1.4\spring-boot-starter-security-3.1.4.jar;C:\Users\jorel\.m2\repository\org\springframework\spring-aop\6.0.12\spring-aop-6.0.12.jar;C:\Users\jorel\.m2\repository\org\springframework\security\spring-security-config\6.1.4\spring-security-config-6.1.4.jar;C:\Users\jorel\.m2\repository\org\springframework\security\spring-security-core\6.1.4\spring-security-core-6.1.4.jar;C:\Users\jorel\.m2\repository\org\springframework\security\spring-security-crypto\6.1.4\spring-security-crypto-6.1.4.jar;C:\Users\jorel\.m2\repository\org\springframework\security\spring-security-web\6.1.4\spring-security-web-6.1.4.jar;C:\Users\jorel\.m2\repository\com\mysql\mysql-connector-j\8.0.33\mysql-connector-j-8.0.33.jar;C:\Users\jorel\.m2\repository\io\jsonwebtoken\jjwt-api\0.11.5\jjwt-api-0.11.5.jar;C:\Users\jorel\.m2\repository\io\jsonwebtoken\jjwt-impl\0.11.5\jjwt-impl-0.11.5.jar;C:\Users\jorel\.m2\repository\io\jsonwebtoken\jjwt-jackson\0.11.5\jjwt-jackson-0.11.5.jar;C:\Users\jorel\.m2\repository\com\fasterxml\jackson\core\jackson-databind\2.15.2\jackson-databind-2.15.2.jar;C:\Users\jorel\.m2\repository\com\fasterxml\jackson\core\jackson-annotations\2.15.2\jackson-annotations-2.15.2.jar;C:\Users\jorel\.m2\repository\com\fasterxml\jackson\core\jackson-core\2.15.2\jackson-core-2.15.2.jar;C:\Users\jorel\.m2\repository\org\springdoc\springdoc-openapi-starter-webmvc-ui\2.1.0\springdoc-openapi-starter-webmvc-ui-2.1.0.jar;C:\Users\jorel\.m2\repository\org\springdoc\springdoc-openapi-starter-webmvc-api\2.1.0\springdoc-openapi-starter-webmvc-api-2.1.0.jar;C:\Users\jorel\.m2\repository\org\springdoc\springdoc-openapi-starter-common\2.1.0\springdoc-openapi-starter-common-2.1.0.jar;C:\Users\jorel\.m2\repository\io\swagger\core\v3\swagger-core-jakarta\2.2.9\swagger-core-jakarta-2.2.9.jar;C:\Users\jorel\.m2\repository\org\apache\commons\commons-lang3\3.12.0\commons-lang3-3.12.0.jar;C:\Users\jorel\.m2\repository\io\swagger\core\v3\swagger-annotations-jakarta\2.2.9\swagger-annotations-jakarta-2.2.9.jar;C:\Users\jorel\.m2\repository\io\swagger\core\v3\swagger-models-jakarta\2.2.9\swagger-models-jakarta-2.2.9.jar;C:\Users\jorel\.m2\repository\jakarta\validation\jakarta.validation-api\3.0.2\jakarta.validation-api-3.0.2.jar;C:\Users\jorel\.m2\repository\com\fasterxml\jackson\dataformat\jackson-dataformat-yaml\2.15.2\jackson-dataformat-yaml-2.15.2.jar;C:\Users\jorel\.m2\repository\org\webjars\swagger-ui\4.18.2\swagger-ui-4.18.2.jar;C:\Users\jorel\.m2\repository\org\eclipse\paho\org.eclipse.paho.client.mqttv3\1.2.5\org.eclipse.paho.client.mqttv3-1.2.5.jar;C:\Users\jorel\.m2\repository\org\springframework\integration\spring-integration-mqtt\6.1.3\spring-integration-mqtt-6.1.3.jar;C:\Users\jorel\.m2\repository\org\springframework\integration\spring-integration-core\6.1.3\spring-integration-core-6.1.3.jar;C:\Users\jorel\.m2\repository\org\springframework\spring-context\6.0.12\spring-context-6.0.12.jar;C:\Users\jorel\.m2\repository\org\springframework\spring-messaging\6.0.12\spring-messaging-6.0.12.jar;C:\Users\jorel\.m2\repository\org\springframework\spring-tx\6.0.12\spring-tx-6.0.12.jar;C:\Users\jorel\.m2\repository\org\springframework\retry\spring-retry\2.0.3\spring-retry-2.0.3.jar;C:\Users\jorel\.m2\repository\io\projectreactor\reactor-core\3.5.10\reactor-core-3.5.10.jar;C:\Users\jorel\.m2\repository\org\reactivestreams\reactive-streams\1.0.4\reactive-streams-1.0.4.jar;C:\Users\jorel\.m2\repository\jakarta\persistence\jakarta.persistence-api\3.1.0\jakarta.persistence-api-3.1.0.jar;C:\Users\jorel\.m2\repository\jakarta\annotation\jakarta.annotation-api\2.1.1\jakarta.annotation-api-2.1.1.jar;C:\Users\jorel\.m2\repository\org\projectlombok\lombok\1.18.30\lombok-1.18.30.jar;C:\Users\jorel\.m2\repository\org\springframework\boot\spring-boot-devtools\3.1.4\spring-boot-devtools-3.1.4.jar;C:\Users\jorel\.m2\repository\org\springframework\boot\spring-boot\3.1.4\spring-boot-3.1.4.jar;C:\Users\jorel\.m2\repository\org\springframework\boot\spring-boot-autoconfigure\3.1.4\spring-boot-autoconfigure-3.1.4.jar;C:\Users\jorel\.m2\repository\jakarta\xml\bind\jakarta.xml.bind-api\4.0.1\jakarta.xml.bind-api-4.0.1.jar;C:\Users\jorel\.m2\repository\jakarta\activation\jakarta.activation-api\2.1.2\jakarta.activation-api-2.1.2.jar;C:\Users\jorel\.m2\repository\org\springframework\spring-core\6.0.12\spring-core-6.0.12.jar;C:\Users\jorel\.m2\repository\org\springframework\spring-jcl\6.0.12\spring-jcl-6.0.12.jar
Launcher Type: SUN_STANDARD

[Global flags]
     intx CICompilerCount                          = 4                                         {product} {ergonomic}
     uint ConcGCThreads                            = 3                                         {product} {ergonomic}
     uint G1ConcRefinementThreads                  = 10                                        {product} {ergonomic}
   size_t G1HeapRegionSize                         = 1048576                                   {product} {ergonomic}
    uintx GCDrainStackTargetSize                   = 64                                        {product} {ergonomic}
   size_t InitialHeapSize                          = 98566144                                  {product} {ergonomic}
   size_t MarkStackSize                            = 4194304                                   {product} {ergonomic}
   size_t MaxHeapSize                              = 1574961152                                {product} {ergonomic}
   size_t MaxNewSize                               = 944766976                                 {product} {ergonomic}
   size_t MinHeapDeltaBytes                        = 1048576                                   {product} {ergonomic}
   size_t MinHeapSize                              = 8388608                                   {product} {ergonomic}
    uintx NonNMethodCodeHeapSize                   = 5839372                                {pd product} {ergonomic}
    uintx NonProfiledCodeHeapSize                  = 122909434                              {pd product} {ergonomic}
    uintx ProfiledCodeHeapSize                     = 122909434                              {pd product} {ergonomic}
    uintx ReservedCodeCacheSize                    = 251658240                              {pd product} {ergonomic}
     bool SegmentedCodeCache                       = true                                      {product} {ergonomic}
     bool ShowCodeDetailsInExceptionMessages       = true                                   {manageable} {command line}
   size_t SoftMaxHeapSize                          = 1574961152                             {manageable} {ergonomic}
     bool UseCompressedOops                        = true                           {product lp64_product} {ergonomic}
     bool UseG1GC                                  = true                                      {product} {ergonomic}
     bool UseLargePagesIndividualAllocation        = false                                  {pd product} {ergonomic}

Logging:
Log output configuration:
 #0: stdout all=warning uptime,level,tags foldmultilines=false
 #1: stderr all=off uptime,level,tags foldmultilines=false

Environment Variables:
PATH=C:/Users/jorel/.p2/pool/plugins/org.eclipse.justj.openjdk.hotspot.jre.full.win32.x86_64_23.0.0.v20240919-1706/jre/bin/server;C:/Users/jorel/.p2/pool/plugins/org.eclipse.justj.openjdk.hotspot.jre.full.win32.x86_64_23.0.0.v20240919-1706/jre/bin;C:\Program Files\Common Files\Oracle\Java\javapath;C:\WINDOWS\system32;C:\WINDOWS;C:\WINDOWS\System32\Wbem;C:\WINDOWS\System32\WindowsPowerShell\v1.0\;C:\WINDOWS\System32\OpenSSH\;C:\MinGW\bin;C:\ProgramData\chocolatey\bin;C:\Program Files\nodejs\;C:\Users\jorel\OneDrive - Università del Piemonte Orientale\Desktop\projet web\sqlite3;C:\Desktop\gnuplot\bin;C:\gnuplot\bin;C:\Users\jorel\AppData\Local\Microsoft\WindowsApps;;C:\Users\jorel\AppData\Local\Programs\Microsoft VS Code\bin;C:\Users\jorel\AppData\Roaming\npm;C:\Users\jorel\OneDrive - Università del Piemonte Orientale\Desktop;
USERNAME=jorel
OS=Windows_NT
PROCESSOR_IDENTIFIER=AMD64 Family 23 Model 104 Stepping 1, AuthenticAMD
TMP=C:\Users\jorel\AppData\Local\Temp
TEMP=C:\Users\jorel\AppData\Local\Temp




Periodic native trim disabled

---------------  S Y S T E M  ---------------

OS:
 Windows 11 , 64 bit Build 22621 (10.0.22621.5262)
OS uptime: 1 days 23:48 hours
Hyper-V role detected

CPU: total 12 (initial active 12) (12 cores per cpu, 2 threads per core) family 23 model 104 stepping 1 microcode 0x0, cx8, cmov, fxsr, ht, mmx, 3dnowpref, sse, sse2, sse3, ssse3, sse4a, sse4.1, sse4.2, popcnt, lzcnt, tsc, tscinvbit, avx, avx2, aes, clmul, bmi1, bmi2, adx, sha, fma, vzeroupper, clflush, clflushopt, hv, rdtscp, rdpid, f16c
Processor Information for processor 0
  Max Mhz: 2100, Current Mhz: 2100, Mhz Limit: 2100
Processor Information for processor 1
  Max Mhz: 2100, Current Mhz: 2100, Mhz Limit: 2100
Processor Information for processor 2
  Max Mhz: 2100, Current Mhz: 1813, Mhz Limit: 2100
Processor Information for processor 3
  Max Mhz: 2100, Current Mhz: 1813, Mhz Limit: 2100
Processor Information for processor 4
  Max Mhz: 2100, Current Mhz: 1813, Mhz Limit: 2100
Processor Information for processor 5
  Max Mhz: 2100, Current Mhz: 1813, Mhz Limit: 2100
Processor Information for processor 6
  Max Mhz: 2100, Current Mhz: 2100, Mhz Limit: 2100
Processor Information for processor 7
  Max Mhz: 2100, Current Mhz: 1813, Mhz Limit: 2100
Processor Information for processor 8
  Max Mhz: 2100, Current Mhz: 2100, Mhz Limit: 2100
Processor Information for processor 9
  Max Mhz: 2100, Current Mhz: 2100, Mhz Limit: 2100
Processor Information for processor 10
  Max Mhz: 2100, Current Mhz: 1813, Mhz Limit: 2100
Processor Information for processor 11
  Max Mhz: 2100, Current Mhz: 1813, Mhz Limit: 2100

Memory: 4k page, system-wide physical 6005M (435M free)
TotalPageFile size 24437M (AvailPageFile size 20M)
current process WorkingSet (physical memory assigned to process): 64M, peak: 323M
current process commit charge ("private bytes"): 337M, peak: 364M

vm_info: Java HotSpot(TM) 64-Bit Server VM (21.0.6+8-LTS-188) for windows-amd64 JRE (21.0.6+8-LTS-188), built on 2024-12-03T10:50:54Z by "mach5one" with MS VC++ 17.6 (VS2022)

END.
