2025-05-12 12:21:04.581 [restartedMain] INFO  c.p.iot.IotServiceApplication - Starting IotServiceApplication using Java 17.0.5 with PID 16060 (C:\Users\Dylan\Desktop\sp01\iot-service\target\classes started by Dylan in C:\Users\Dylan\Desktop\sp01\iot-service)
2025-05-12 12:21:04.583 [restartedMain] DEBUG c.p.iot.IotServiceApplication - Running with Spring Boot v3.4.5, Spring v6.2.6
2025-05-12 12:21:04.589 [restartedMain] INFO  c.p.iot.IotServiceApplication - No active profile set, falling back to 1 default profile: "default"
2025-05-12 12:21:05.999 [restartedMain] INFO  o.a.coyote.http11.Http11NioProtocol - Initializing ProtocolHandler ["http-nio-8082"]
2025-05-12 12:21:06.001 [restartedMain] INFO  o.a.catalina.core.StandardService - Starting service [Tomcat]
2025-05-12 12:21:06.001 [restartedMain] INFO  o.a.catalina.core.StandardEngine - Starting Servlet engine: [Apache Tomcat/10.1.40]
2025-05-12 12:21:06.061 [restartedMain] INFO  o.a.c.c.C.[Tomcat].[localhost].[/] - Initializing Spring embedded WebApplicationContext
2025-05-12 12:21:06.597 [restartedMain] INFO  com.zaxxer.hikari.HikariDataSource - HikariPool-1 - Starting...
2025-05-12 12:21:06.731 [restartedMain] INFO  com.zaxxer.hikari.pool.HikariPool - HikariPool-1 - Added connection com.mysql.cj.jdbc.ConnectionImpl@b027a6f
2025-05-12 12:21:06.733 [restartedMain] INFO  com.zaxxer.hikari.HikariDataSource - HikariPool-1 - Start completed.
2025-05-12 12:21:06.777 [restartedMain] WARN  org.hibernate.orm.deprecation - HHH90000025: MySQL8Dialect does not need to be specified explicitly using 'hibernate.dialect' (remove the property setting and it will be selected by default)
2025-05-12 12:21:06.778 [restartedMain] WARN  org.hibernate.orm.deprecation - HHH90000026: MySQL8Dialect has been deprecated; use org.hibernate.dialect.MySQLDialect instead
2025-05-12 12:21:07.508 [restartedMain] WARN  o.s.b.a.s.s.UserDetailsServiceAutoConfiguration - 

Using generated security password: 481fa940-a406-4404-8e62-2bbaa2aed30d

This generated password is for development use only. Your security configuration must be updated before running your application in production.

2025-05-12 12:21:07.689 [restartedMain] WARN  o.s.b.d.a.OptionalLiveReloadServer - Unable to start LiveReload server
2025-05-12 12:21:07.810 [restartedMain] INFO  o.a.coyote.http11.Http11NioProtocol - Starting ProtocolHandler ["http-nio-8082"]
2025-05-12 12:21:07.843 [restartedMain] INFO  c.p.iot.IotServiceApplication - Started IotServiceApplication in 3.669 seconds (process running for 4.527)
2025-05-12 14:07:28.884 [HikariPool-1 housekeeper] WARN  com.zaxxer.hikari.pool.HikariPool - HikariPool-1 - Thread starvation or clock leap detected (housekeeper delta=1h2m21s339ms766µs300ns).
2025-05-12 14:12:49.768 [HikariPool-1 housekeeper] WARN  com.zaxxer.hikari.pool.HikariPool - HikariPool-1 - Thread starvation or clock leap detected (housekeeper delta=3m20s851ms695µs500ns).
2025-05-12 14:31:27.993 [tomcat-shutdown] INFO  o.a.coyote.http11.Http11NioProtocol - Pausing ProtocolHandler ["http-nio-8082"]
2025-05-12 14:31:28.041 [RMI TCP Connection(70)-127.0.0.1] INFO  o.a.coyote.http11.Http11NioProtocol - Stopping ProtocolHandler ["http-nio-8082"]
2025-05-12 14:31:28.056 [RMI TCP Connection(70)-127.0.0.1] INFO  com.zaxxer.hikari.HikariDataSource - HikariPool-1 - Shutdown initiated...
2025-05-12 14:31:28.060 [RMI TCP Connection(70)-127.0.0.1] INFO  com.zaxxer.hikari.HikariDataSource - HikariPool-1 - Shutdown completed.
2025-05-12 15:37:31.041 [restartedMain] INFO  c.p.iot.IotServiceApplication - Starting IotServiceApplication using Java 17.0.5 with PID 19836 (C:\Users\Dylan\Desktop\sp01\iot-service\target\classes started by Dylan in C:\Users\Dylan\Desktop\sp01\iot-service)
2025-05-12 15:37:31.043 [restartedMain] DEBUG c.p.iot.IotServiceApplication - Running with Spring Boot v3.4.5, Spring v6.2.6
2025-05-12 15:37:31.044 [restartedMain] INFO  c.p.iot.IotServiceApplication - No active profile set, falling back to 1 default profile: "default"
2025-05-12 15:37:32.404 [restartedMain] INFO  c.p.iot.IotServiceApplication - Started IotServiceApplication in 1.768 seconds (process running for 2.596)
