2025-06-04 15:41:32.661 [restartedMain] INFO  c.p.iot.IotServiceApplication - Starting IotServiceApplication using Java 17.0.6 with PID 26908 (C:\Users\jorel\OneDrive - Università del Piemonte Orientale\Desktop\pisssiiiiiiir\iot-service\target\classes started by jorel in C:\Users\jorel\OneDrive - Università del Piemonte Orientale\Desktop\pisssiiiiiiir\iot-service)
2025-06-04 15:41:32.663 [restartedMain] DEBUG c.p.iot.IotServiceApplication - Running with Spring Boot v3.4.5, Spring v6.2.6
2025-06-04 15:41:32.664 [restartedMain] INFO  c.p.iot.IotServiceApplication - No active profile set, falling back to 1 default profile: "default"
2025-06-04 15:41:33.813 [restartedMain] WARN  o.s.b.d.a.OptionalLiveReloadServer - Unable to start LiveReload server
2025-06-04 15:41:33.959 [restartedMain] INFO  c.p.iot.IotServiceApplication - Started IotServiceApplication in 1.482 seconds (process running for 88032.446)
2025-06-04 15:41:35.397 [restartedMain] INFO  c.p.iot.IotServiceApplication - Starting IotServiceApplication using Java 17.0.6 with PID 26908 (C:\Users\jorel\OneDrive - Università del Piemonte Orientale\Desktop\pisssiiiiiiir\iot-service\target\classes started by jorel in C:\Users\jorel\OneDrive - Università del Piemonte Orientale\Desktop\pisssiiiiiiir\iot-service)
2025-06-04 15:41:35.398 [restartedMain] DEBUG c.p.iot.IotServiceApplication - Running with Spring Boot v3.4.5, Spring v6.2.6
2025-06-04 15:41:35.398 [restartedMain] INFO  c.p.iot.IotServiceApplication - No active profile set, falling back to 1 default profile: "default"
2025-06-04 15:41:35.810 [restartedMain] WARN  o.s.b.d.a.OptionalLiveReloadServer - Unable to start LiveReload server
2025-06-04 15:41:35.877 [restartedMain] INFO  c.p.iot.IotServiceApplication - Started IotServiceApplication in 0.538 seconds (process running for 88034.365)
2025-06-04 16:19:46.053 [restartedMain] INFO  c.p.iot.IotServiceApplication - Starting IotServiceApplication using Java 17.0.6 with PID 26908 (C:\Users\jorel\OneDrive - Università del Piemonte Orientale\Desktop\pisssiiiiiiir\iot-service\target\classes started by jorel in C:\Users\jorel\OneDrive - Università del Piemonte Orientale\Desktop\pisssiiiiiiir\iot-service)
2025-06-04 16:19:46.055 [restartedMain] DEBUG c.p.iot.IotServiceApplication - Running with Spring Boot v3.4.5, Spring v6.2.6
2025-06-04 16:19:46.055 [restartedMain] INFO  c.p.iot.IotServiceApplication - No active profile set, falling back to 1 default profile: "default"
2025-06-04 16:19:46.961 [restartedMain] WARN  o.s.b.d.a.OptionalLiveReloadServer - Unable to start LiveReload server
2025-06-04 16:19:47.104 [restartedMain] INFO  c.p.iot.IotServiceApplication - Started IotServiceApplication in 1.171 seconds (process running for 90325.591)
2025-06-04 16:36:48.194 [restartedMain] INFO  c.p.iot.IotServiceApplication - Starting IotServiceApplication using Java 17.0.6 with PID 26908 (C:\Users\jorel\OneDrive - Università del Piemonte Orientale\Desktop\pisssiiiiiiir\iot-service\target\classes started by jorel in C:\Users\jorel\OneDrive - Università del Piemonte Orientale\Desktop\pisssiiiiiiir\iot-service)
2025-06-04 16:36:48.199 [restartedMain] DEBUG c.p.iot.IotServiceApplication - Running with Spring Boot v3.4.5, Spring v6.2.6
2025-06-04 16:36:48.200 [restartedMain] INFO  c.p.iot.IotServiceApplication - No active profile set, falling back to 1 default profile: "default"
2025-06-04 16:36:49.271 [restartedMain] WARN  o.s.b.d.a.OptionalLiveReloadServer - Unable to start LiveReload server
2025-06-04 16:36:49.433 [restartedMain] INFO  c.p.iot.IotServiceApplication - Started IotServiceApplication in 1.365 seconds (process running for 91347.921)
2025-06-04 16:36:53.010 [restartedMain] INFO  c.p.iot.IotServiceApplication - Starting IotServiceApplication using Java 17.0.6 with PID 26908 (C:\Users\jorel\OneDrive - Università del Piemonte Orientale\Desktop\pisssiiiiiiir\iot-service\target\classes started by jorel in C:\Users\jorel\OneDrive - Università del Piemonte Orientale\Desktop\pisssiiiiiiir\iot-service)
2025-06-04 16:36:53.011 [restartedMain] DEBUG c.p.iot.IotServiceApplication - Running with Spring Boot v3.4.5, Spring v6.2.6
2025-06-04 16:36:53.012 [restartedMain] INFO  c.p.iot.IotServiceApplication - No active profile set, falling back to 1 default profile: "default"
2025-06-04 16:36:53.548 [restartedMain] WARN  o.s.b.d.a.OptionalLiveReloadServer - Unable to start LiveReload server
2025-06-04 16:36:53.617 [restartedMain] INFO  c.p.iot.IotServiceApplication - Started IotServiceApplication in 0.701 seconds (process running for 91352.106)
